Microchip MPLAB XC8 Compiler V1.34 ()

Linker command line:

--edf=C:\Program Files (x86)\Microchip\xc8\v1.34\dat\en_msgs.txt -cs \
  -h+dist/default/debug\Sensore.X.debug.sym \
  --cmf=dist/default/debug\Sensore.X.debug.cmf -z -Q16F1518 \
  -oC:\Users\Luca\AppData\Local\Temp\s1ec.6 \
  -Mdist/default/debug/Sensore.X.debug.map -E1 -ver=XC8 \
  -ASTACK=020CFh-023efh -pstack=STACK -p_nvm_pgm_cfg_text=3820h \
  -ACODE=00h-07FFhx8 -ASTRCODE=00h-03FFFh -ASTRING=00h-0FFhx64 \
  -ACONST=00h-0FFhx64 -AENTRY=00h-0FFhx64 -ACOMMON=070h-07Fh \
  -ABANK0=020h-06Fh -ABANK1=0A0h-0EFh -ABANK2=0120h-016Fh \
  -ABANK3=01A0h-01EFh -ABANK4=0220h-026Fh -ABANK5=02A0h-02EFh \
  -ABANK6=0320h-036Fh -ABANK7=03A0h-03EFh -ABANK8=0420h-046Fh \
  -ABANK9=04A0h-04EFh -ABANK10=0520h-056Fh -ABANK11=05A0h-05EFh \
  -ABANK12=0620h-064Fh -ABIGRAM=02000h-023EFh \
  -ARAM=020h-06Fh,0A0h-0EFh,0120h-016Fh,01A0h-01EFh,0220h-026Fh,02A0h-02EFh,0320h-036Fh,03A0h-03EFh,0420h-046Fh,04A0h-04EFh,0520h-056Fh,05A0h-05EFh,0620h-064Fh \
  -AABS1=020h-07Fh,0A0h-0EFh,0120h-016Fh,01A0h-01EFh,0220h-026Fh,02A0h-02EFh,0320h-036Fh,03A0h-03EFh,0420h-046Fh,04A0h-04EFh,0520h-056Fh,05A0h-05EFh,0620h-064Fh \
  -ASFR0=00h-01Fh -ASFR1=080h-09Fh -ASFR2=0100h-011Fh -ASFR3=0180h-019Fh \
  -ASFR4=0200h-021Fh -ASFR5=0280h-029Fh -ASFR6=0300h-031Fh \
  -ASFR7=0380h-039Fh -ASFR8=0400h-041Fh -ASFR9=0480h-049Fh \
  -ASFR10=0500h-051Fh -ASFR11=0580h-059Fh -ASFR12=0600h-061Fh \
  -ASFR13=0680h-06EFh -ASFR14=0700h-076Fh -ASFR15=0780h-07EFh \
  -ASFR16=0800h-086Fh -ASFR17=0880h-08EFh -ASFR18=0900h-096Fh \
  -ASFR19=0980h-09EFh -ASFR20=0A00h-0A6Fh -ASFR21=0A80h-0AEFh \
  -ASFR22=0B00h-0B6Fh -ASFR23=0B80h-0BEFh -ASFR24=0C00h-0C6Fh \
  -ASFR25=0C80h-0CEFh -ASFR26=0D00h-0D6Fh -ASFR27=0D80h-0DEFh \
  -ASFR28=0E00h-0E6Fh -ASFR29=0E80h-0EEFh -ASFR30=0F00h-0F6Fh \
  -ASFR31=0F80h-0FEFh -preset_vec=00h,intentry=04h,init,end_init \
  -ppowerup=CODE -pcinit=CODE -pfunctab=CODE -ACONFIG=08007h-08008h \
  -pconfig=CONFIG -DCONFIG=2 -AIDLOC=08000h-08003h -pidloc=IDLOC -DIDLOC=2 \
  -DCODE=2 -DSTRCODE=2 -DSTRING=2 -DCONST=2 -DENTRY=2 -k \
  C:\Users\Luca\AppData\Local\Temp\s1ec.obj \
  dist/default/debug\Sensore.X.debug.obj 

Object code version is 3.11

Machine type is 16F1518



                Name                               Link     Load   Length Selector   Space Scale
C:\Users\Luca\AppData\Local\Temp\s1ec.obj
                end_init                             14       14        2        8       0
                reset_vec                             0        0        3        0       0
                config                             8007     8007        2    1000E       0
dist/default/debug\Sensore.X.debug.obj
                cinit                                16       16       2B        8       0
                intentry                              4        4       10        8       0
                text56                              B14      B14        6     1628       0
                text54                              E9A      E9A       2C     1D34       0
                text53                              BB0      BB0       11     1760       0
                text52                              CB5      CB5       1E     196A       0
                text51                              D4B      D4B       1F     1A96       0
                text50                              B34      B34        B     1668       0
                text49                              B3F      B3F        B     167E       0
                text48                              E1B      E1B       29     1C36       0
                text47                              408      408       BC        8       0
                text46                              B64      B64        F     16C8       0
                text45                              BA0      BA0       10     1740       0
                text44                              B4A      B4A        C     1694       0
                text43                              DCF      DCF       26     1B9E       0
                text42                              B73      B73        F     16E6       0
                text41                              BE9      BE9       16     17D2       0
                text40                              C98      C98       1D     1930       0
                text39                              BC1      BC1       14     1782       0
                text38                              C2E      C2E       19     185C       0
                text37                              CD3      CD3       1E     19A6       0
                text36                              B10      B10        4     1620       0
                text35                              D6A      D6A       20     1AD4       0
                text34                              C7C      C7C       1C     18F8       0
                text33                              B56      B56        E     16AC       0
                text32                              7A0      7A0       4F        8       0
                text31                              B1A      B1A        6     1634       0
                text30                              CF1      CF1       1E     19E2       0
                text29                              DF5      DF5       26     1BEA       0
                text28                              E44      E44       2B     1C88       0
                text27                              C16      C16       18     182C       0
                text26                              693      693       64        8       0
                text25                              578      578       A9        8       0
                text24                              E6F      E6F       2B     1CDE       0
                text23                              F55      F55       34     1EAA       0
                text22                              BD5      BD5       14     17AA       0
                text21                              C61      C61       1B     18C2       0
                text20                              F89      F89       3B     1F12       0
                text19                              4C4      4C4       B4        8       0
                text18                              222      222       F6        8       0
                text17                              D0F      D0F       1E     1A1E       0
                text16                              318      318       F0        8       0
                text15                               41       41      1E1        8       0
                text14                              D8A      D8A       21     1B14       0
                text13                              6F7      6F7       56        8       0
                text12                              FC4      FC4       3C     1F88       0
                text11                              B82      B82        F     1704       0
                text10                              BFF      BFF       17     17FE       0
                text9                                 3        3        1        0       0
                text8                               EF5      EF5       30     1DEA       0
                text7                               D2D      D2D       1E     1A5A       0
                text6                               621      621       72        8       0
                text5                               B91      B91        F     1722       0
                text4                               DAB      DAB       24     1B56       0
                text3                               C47      C47       1A     188E       0
                text2                               7EF      7EF       11        8       0
                text1                               F25      F25       30     1E4A       0
                maintext                            74D      74D       53        8       0
                cstackBANK0                          20       20       49       20       1
                cstackCOMMON                         70       70        C       70       1
                inittext                            B20      B20        6     1640       0
                clrtext                             B26      B26        6     164C       0
                dataBANK2                           120      120       2F      120       1
                dataBANK1                            CD       CD        8       A0       1
                bssBANK1                             A0       A0       2D       A0       1
                bssBANK0                             69       69        7       20       1
                bssCOMMON                            7C       7C        1       70       1
                _nvm_pgm_cfg_text                  3820     3820       20     7040       0
                idataBANK2                          EC6      EC6       2F     1D8C       0
                idataBANK1                          B2C      B2C        8     1658       0

TOTAL           Name                               Link     Load   Length     Space
        CLASS   STACK          

        CLASS   CODE           
                end_init                             14       14        2         0
                cinit                                16       16       2B         0
                intentry                              4        4       10         0
                reset_vec                             0        0        3         0
                text56                              B14      B14        6         0
                text54                              E9A      E9A       2C         0
                text53                              BB0      BB0       11         0
                text52                              CB5      CB5       1E         0
                text51                              D4B      D4B       1F         0
                text50                              B34      B34        B         0
                text49                              B3F      B3F        B         0
                text48                              E1B      E1B       29         0
                text47                              408      408       BC         0
                text46                              B64      B64        F         0
                text45                              BA0      BA0       10         0
                text44                              B4A      B4A        C         0
                text43                              DCF      DCF       26         0
                text42                              B73      B73        F         0
                text41                              BE9      BE9       16         0
                text40                              C98      C98       1D         0
                text39                              BC1      BC1       14         0
                text38                              C2E      C2E       19         0
                text37                              CD3      CD3       1E         0
                text36                              B10      B10        4         0
                text35                              D6A      D6A       20         0
                text34                              C7C      C7C       1C         0
                text33                              B56      B56        E         0
                text32                              7A0      7A0       4F         0
                text31                              B1A      B1A        6         0
                text30                              CF1      CF1       1E         0
                text29                              DF5      DF5       26         0
                text28                              E44      E44       2B         0
                text27                              C16      C16       18         0
                text26                              693      693       64         0
                text25                              578      578       A9         0
                text24                              E6F      E6F       2B         0
                text23                              F55      F55       34         0
                text22                              BD5      BD5       14         0
                text21                              C61      C61       1B         0
                text20                              F89      F89       3B         0
                text19                              4C4      4C4       B4         0
                text18                              222      222       F6         0
                text17                              D0F      D0F       1E         0
                text16                              318      318       F0         0
                text15                               41       41      1E1         0
                text14                              D8A      D8A       21         0
                text13                              6F7      6F7       56         0
                text12                              FC4      FC4       3C         0
                text11                              B82      B82        F         0
                text10                              BFF      BFF       17         0
                text9                                 3        3        1         0
                text8                               EF5      EF5       30         0
                text7                               D2D      D2D       1E         0
                text6                               621      621       72         0
                text5                               B91      B91        F         0
                text4                               DAB      DAB       24         0
                text3                               C47      C47       1A         0
                text2                               7EF      7EF       11         0
                text1                               F25      F25       30         0
                maintext                            74D      74D       53         0
                inittext                            B20      B20        6         0
                clrtext                             B26      B26        6         0
                _nvm_pgm_cfg_text                  3820     3820       20         0
                idataBANK2                          EC6      EC6       2F         0
                idataBANK1                          B2C      B2C        8         0

        CLASS   STRCODE        

        CLASS   STRING         

        CLASS   CONST          

        CLASS   ENTRY          

        CLASS   COMMON         
                cstackCOMMON                         70       70        C         1
                bssCOMMON                            7C       7C        1         1

        CLASS   BANK0          
                cstackBANK0                          20       20       49         1
                bssBANK0                             69       69        7         1

        CLASS   BANK1          
                dataBANK1                            CD       CD        8         1
                bssBANK1                             A0       A0       2D         1

        CLASS   BANK2          
                dataBANK2                           120      120       2F         1

        CLASS   BANK3          

        CLASS   BANK4          

        CLASS   BANK5          

        CLASS   BANK6          

        CLASS   BANK7          

        CLASS   BANK8          

        CLASS   BANK9          

        CLASS   BANK10         

        CLASS   BANK11         

        CLASS   BANK12         

        CLASS   BIGRAM         

        CLASS   RAM            

        CLASS   ABS1           
                abs_s1                               7E       7E        2         1

        CLASS   SFR0           

        CLASS   SFR1           

        CLASS   SFR2           

        CLASS   SFR3           

        CLASS   SFR4           

        CLASS   SFR5           

        CLASS   SFR6           

        CLASS   SFR7           

        CLASS   SFR8           

        CLASS   SFR9           

        CLASS   SFR10          

        CLASS   SFR11          

        CLASS   SFR12          

        CLASS   SFR13          

        CLASS   SFR14          

        CLASS   SFR15          

        CLASS   SFR16          

        CLASS   SFR17          

        CLASS   SFR18          

        CLASS   SFR19          

        CLASS   SFR20          

        CLASS   SFR21          

        CLASS   SFR22          

        CLASS   SFR23          

        CLASS   SFR24          

        CLASS   SFR25          

        CLASS   SFR26          

        CLASS   SFR27          

        CLASS   SFR28          

        CLASS   SFR29          

        CLASS   SFR30          

        CLASS   SFR31          

        CLASS   CONFIG         
                config                             8007     8007        2         0

        CLASS   IDLOC          

        CLASS   BANK31         

        CLASS   BANK30         

        CLASS   BANK29         

        CLASS   BANK28         

        CLASS   BANK27         

        CLASS   BANK26         

        CLASS   BANK25         

        CLASS   BANK24         

        CLASS   BANK23         

        CLASS   BANK22         

        CLASS   BANK21         

        CLASS   BANK20         

        CLASS   BANK19         

        CLASS   BANK18         

        CLASS   BANK17         

        CLASS   BANK16         

        CLASS   BANK15         

        CLASS   BANK14         

        CLASS   BANK13         

        CLASS   EEDATA         



SEGMENTS        Name                           Load    Length   Top    Selector   Space  Class     Delta

                reset_vec                      000000  000004  000004         0       0  CODE        2
                intentry                       000004  0007FC  000800         8       0  CODE        2
                cstackBANK0                    000020  000050  000070        20       1  BANK0       1
                cstackCOMMON                   000070  00000D  00007D        70       1  COMMON      1
                bssBANK1                       0000A0  000035  0000D5        A0       1  BANK1       1
                dataBANK2                      000120  00002F  00014F       120       1  BANK2       1
                text36                         000B10  000004  000B14      1620       0  CODE        2
                text56                         000B14  000006  000B1A      1628       0  CODE        2
                text31                         000B1A  000006  000B20      1634       0  CODE        2
                inittext                       000B20  000006  000B26      1640       0  CODE        2
                clrtext                        000B26  000006  000B2C      164C       0  CODE        2
                idataBANK1                     000B2C  000008  000B34      1658       0  CODE        2
                text50                         000B34  00000B  000B3F      1668       0  CODE        2
                text49                         000B3F  00000B  000B4A      167E       0  CODE        2
                text44                         000B4A  00000C  000B56      1694       0  CODE        2
                text33                         000B56  00000E  000B64      16AC       0  CODE        2
                text46                         000B64  00000F  000B73      16C8       0  CODE        2
                text42                         000B73  00000F  000B82      16E6       0  CODE        2
                text11                         000B82  00000F  000B91      1704       0  CODE        2
                text5                          000B91  00000F  000BA0      1722       0  CODE        2
                text45                         000BA0  000010  000BB0      1740       0  CODE        2
                text53                         000BB0  000011  000BC1      1760       0  CODE        2
                text39                         000BC1  000014  000BD5      1782       0  CODE        2
                text22                         000BD5  000014  000BE9      17AA       0  CODE        2
                text41                         000BE9  000016  000BFF      17D2       0  CODE        2
                text10                         000BFF  000017  000C16      17FE       0  CODE        2
                text27                         000C16  000018  000C2E      182C       0  CODE        2
                text38                         000C2E  000019  000C47      185C       0  CODE        2
                text3                          000C47  00001A  000C61      188E       0  CODE        2
                text21                         000C61  00001B  000C7C      18C2       0  CODE        2
                text34                         000C7C  00001C  000C98      18F8       0  CODE        2
                text40                         000C98  00001D  000CB5      1930       0  CODE        2
                text52                         000CB5  00001E  000CD3      196A       0  CODE        2
                text37                         000CD3  00001E  000CF1      19A6       0  CODE        2
                text30                         000CF1  00001E  000D0F      19E2       0  CODE        2
                text17                         000D0F  00001E  000D2D      1A1E       0  CODE        2
                text7                          000D2D  00001E  000D4B      1A5A       0  CODE        2
                text51                         000D4B  00001F  000D6A      1A96       0  CODE        2
                text35                         000D6A  000020  000D8A      1AD4       0  CODE        2
                text14                         000D8A  000021  000DAB      1B14       0  CODE        2
                text4                          000DAB  000024  000DCF      1B56       0  CODE        2
                text43                         000DCF  000026  000DF5      1B9E       0  CODE        2
                text29                         000DF5  000026  000E1B      1BEA       0  CODE        2
                text48                         000E1B  000029  000E44      1C36       0  CODE        2
                text28                         000E44  00002B  000E6F      1C88       0  CODE        2
                text24                         000E6F  00002B  000E9A      1CDE       0  CODE        2
                text54                         000E9A  00002C  000EC6      1D34       0  CODE        2
                idataBANK2                     000EC6  00002F  000EF5      1D8C       0  CODE        2
                text8                          000EF5  000030  000F25      1DEA       0  CODE        2
                text1                          000F25  000030  000F55      1E4A       0  CODE        2
                text23                         000F55  000034  000F89      1EAA       0  CODE        2
                text20                         000F89  00003B  000FC4      1F12       0  CODE        2
                text12                         000FC4  00003C  001000      1F88       0  CODE        2
                _nvm_pgm_cfg_text              003820  000020  003840      7040       0  CODE        2
                config                         008007  000002  008009     1000E       0  CONFIG      2


UNUSED ADDRESS RANGES

        Name                Unused          Largest block    Delta
        BANK1            000D5-000EF              1B           1
        BANK10           00520-0056F              50           1
        BANK11           005A0-005EF              50           1
        BANK12           00620-0064F              30           1
        BANK2            0014F-0016F              21           1
        BANK3            001A0-001EF              50           1
        BANK4            00220-0026F              50           1
        BANK5            002A0-002EF              50           1
        BANK6            00320-0036F              50           1
        BANK7            003A0-003EF              50           1
        BANK8            00420-0046F              50           1
        BANK9            004A0-004EF              50           1
        BIGRAM           02000-023EF             3F0           1
        CODE             00800-00B0F             310           2
                         01000-0381F             800
                         03840-03FFF             7C0
        COMMON           0007D-0007D               1           1
        CONST            00800-00B0F             100           2
                         01000-0381F             100
                         03840-03FFF             100
        ENTRY            00800-00B0F             100           2
                         01000-0381F             100
                         03840-03FFF             100
        IDLOC            08000-08003               4           2
        RAM              000D5-000EF              1B           1
                         0014F-0016F              21
                         001A0-001EF              50
                         00220-0026F              50
                         002A0-002EF              50
                         00320-0036F              50
                         003A0-003EF              50
                         00420-0046F              50
                         004A0-004EF              50
                         00520-0056F              50
                         005A0-005EF              50
                         00620-0064F              30
        SFR0             00000-0001F              20           1
        SFR1             00080-0009F              20           1
        SFR10            00500-0051F              20           1
        SFR11            00580-0059F              20           1
        SFR12            00600-0061F              20           1
        SFR13            00680-006EF              70           1
        SFR14            00700-0076F              70           1
        SFR15            00780-007EF              70           1
        SFR16            00800-0086F              70           1
        SFR17            00880-008EF              70           1
        SFR18            00900-0096F              70           1
        SFR19            00980-009EF              70           1
        SFR2             00100-0011F              20           1
        SFR20            00A00-00A6F              70           1
        SFR21            00A80-00AEF              70           1
        SFR22            00B00-00B6F              70           1
        SFR23            00B80-00BEF              70           1
        SFR24            00C00-00C6F              70           1
        SFR25            00C80-00CEF              70           1
        SFR26            00D00-00D6F              70           1
        SFR27            00D80-00DEF              70           1
        SFR28            00E00-00E6F              70           1
        SFR29            00E80-00EEF              70           1
        SFR3             00180-0019F              20           1
        SFR30            00F00-00F6F              70           1
        SFR31            00F80-00FEF              70           1
        SFR4             00200-0021F              20           1
        SFR5             00280-0029F              20           1
        SFR6             00300-0031F              20           1
        SFR7             00380-0039F              20           1
        SFR8             00400-0041F              20           1
        SFR9             00480-0049F              20           1
        STACK            020CF-023EF             321           1
        STRCODE          00800-00B0F             310           2
                         01000-0381F            2820
                         03840-03FFF             7C0
        STRING           00800-00B0F             100           2
                         01000-0381F             100
                         03840-03FFF             100

                                  Symbol Table

?___ftadd                  cstackBANK0       00020
?___ftdiv                  cstackBANK0       00031
?___ftmul                  cstackBANK0       00021
?___ftpack                 cstackCOMMON      00071
?___ftsub                  cstackBANK0       0002A
?___lltoft                 cstackBANK0       00020
?___lwdiv                  cstackCOMMON      00071
?___lwtoft                 cstackCOMMON      00079
?___wmul                   cstackCOMMON      00071
?_sqrt                     cstackBANK0       00031
ADCConv@cntSum             cstackBANK0       0005B
ADCConv@sumBatt            cstackBANK0       00059
ADCConv@sumCurr            cstackBANK0       00055
ADCInit@state              cstackCOMMON      00072
CC1Init@state              cstackBANK0       00022
CC1Read@addr               cstackCOMMON      0007A
CC1Read@cc1Addr            cstackCOMMON      0007B
CC1Read@dst                cstackCOMMON      00077
CC1Read@len                cstackCOMMON      00078
CC1Strobe@cc1Stb           cstackCOMMON      00079
CC1Strobe@e_stb            cstackCOMMON      00078
CC1Write@addr              cstackBANK0       00020
CC1Write@cc1Addr           cstackBANK0       00021
CC1Write@len               cstackCOMMON      00079
CC1Write@src               cstackCOMMON      00077
DINInit@sta                cstackCOMMON      00071
DLYDelay_ms@i              cstackCOMMON      00075
DLYDelay_ms@val            cstackCOMMON      00071
INInit@sta                 cstackCOMMON      00072
LEDFastFlash@i             cstackCOMMON      00079
LEDFastFlash@num           cstackCOMMON      00078
LEDInit@sta                cstackCOMMON      00071
LEDNormalFlash@i           cstackCOMMON      00079
LEDNormalFlash@num         cstackCOMMON      00078
NVMInit@sta                cstackCOMMON      00071
NVMRead@addr               cstackCOMMON      00071
NVMRead@dest               cstackCOMMON      00073
NVMRead@i                  cstackCOMMON      00077
NVMRead@len                cstackCOMMON      00074
NVMWrite@addr              cstackCOMMON      00071
NVMWrite@bufTmpRow         cstackBANK0       00020
NVMWrite@i                 cstackBANK0       00062
NVMWrite@j                 cstackBANK0       00064
NVMWrite@latchAddr         cstackBANK0       00063
NVMWrite@len               cstackCOMMON      00074
NVMWrite@rowAddr           cstackBANK0       00060
NVMWrite@source            cstackCOMMON      00073
OUTInit@sta                cstackCOMMON      00072
PGMInit@state              cstackCOMMON      0007B
RTXInit@state              cstackBANK0       0005C
RTXRcvPkt@dst              cstackBANK0       00023
RTXRcvPkt@len              cstackBANK0       00020
RTXReadPkt@numRxByte       cstackBANK0       00066
RTXSendData@valBatt        cstackBANK0       0002C
RTXSendData@valTemp        cstackBANK0       00029
RTXSndPkt@len              cstackBANK0       00022
RTXSndPkt@numRxByte        cstackBANK0       00024
RTXSndPkt@numTxByte        cstackBANK0       00026
RTXSndPkt@src              cstackBANK0       00025
RTXSndPkt@sta              cstackBANK0       00027
SPIInit@state              cstackCOMMON      00072
SPIRead@dstPtr             cstackCOMMON      00074
SPIRead@i                  cstackCOMMON      00075
SPIRead@len                cstackCOMMON      00071
SPIWrite@i                 cstackCOMMON      00076
SPIWrite@len               cstackCOMMON      00073
SPIWrite@srcPtr            cstackCOMMON      00071
SYSInit@state              cstackCOMMON      00072
_ADCConv                   text15            00041
_ADCConv$1407              cstackBANK0       00052
_ADCInit                   text54            00E9A
_ADCON0                    (abs)             0009D
_ADCON0bits                (abs)             0009D
_ADCON1                    (abs)             0009E
_ADRESH                    (abs)             0009C
_ADRESL                    (abs)             0009B
_ANSELA                    (abs)             0018C
_ANSELB                    (abs)             0018D
_ANSELC                    (abs)             0018E
_CC1Init                   text8             00EF5
_CC1Read                   text34            00C7C
_CC1Strobe                 text39            00BC1
_CC1Write                  text14            00D8A
_DINInit                   text53            00BB0
_DINTask                   text52            00CB5
_DINTick                   text28            00E44
_DLYDelay_ms               text38            00C2E
_FVRCON                    (abs)             00117
_INInit                    text51            00D4B
_INTCON                    (abs)             0000B
_INTCONbits                (abs)             0000B
_INTIsr                    intentry          00004
_IOCBFbits                 (abs)             00396
_IOCBN                     (abs)             00395
_IOCBP                     (abs)             00394
_LATAbits                  (abs)             0010C
_LATCbits                  (abs)             0010E
_LEDFastFlash              text7             00D2D
_LEDInit                   text50            00B34
_LEDNormalFlash            text37            00CD3
_NVMInit                   text49            00B3F
_NVMRead                   text43            00DCF
_NVMWrite                  text47            00408
_OPTION_REG                (abs)             00095
_OSCCON                    (abs)             00099
_OUTInit                   text48            00E1B
_PGMCheckNvm               text44            00B4A
_PGMInit                   text41            00BE9
_PGMNvmReset               text45            00BA0
_PGMPgmOff                 text36            00B10
_PGMReadNvm                text42            00B73
_PGMSelLong                text27            00C16
_PGMSelUp                  text10            00BFF
_PGMTick                   text9             00003
_PGMWriteNvm               text46            00B64
_PIE1                      (abs)             00091
_PIE2                      (abs)             00092
_PIR1                      (abs)             00011
_PIR1bits                  (abs)             00011
_PIR2                      (abs)             00012
_PMADR                     (abs)             00191
_PMCON1                    (abs)             00195
_PMCON1bits                (abs)             00195
_PMCON2                    (abs)             00196
_PMDAT                     (abs)             00193
_PORTA                     (abs)             0000C
_PORTBbits                 (abs)             0000D
_PORTC                     (abs)             0000E
_RTXAwake                  text3             00C47
_RTXInit                   text4             00DAB
_RTXRcvPkt                 text33            00B56
_RTXReadPkt                text32            007A0
_RTXSendData               text6             00621
_RTXSendPgm                text12            00FC4
_RTXSndPkt                 text13            006F7
_RTXStartSendData          text5             00B91
_RTXStartSendPgm           text11            00B82
_RTXTask                   text31            00B1A
_RTXTick                   text2             007EF
_SPIInit                   text30            00CF1
_SPIRead                   text35            00D6A
_SPIWrite                  text40            00C98
_SSPBUF                    (abs)             00211
_SSPCON1                   (abs)             00215
_SSPCON2                   (abs)             00216
_SSPCONbits                (abs)             00215
_SSPSTAT                   (abs)             00214
_SYSInit                   text29            00DF5
_SYSInt                    text56            00B14
_SYSTask                   text1             00F25
_T1CON                     (abs)             00018
_TMR0                      (abs)             00015
_TMR1H                     (abs)             00017
_TMR1L                     (abs)             00016
_TRISA                     (abs)             0008C
_TRISB                     (abs)             0008D
_TRISC                     (abs)             0008E
_WDTCON                    (abs)             00097
_WPUB                      (abs)             0020D
__CFG_BOREN$ON             (abs)             00000
__CFG_BORV$LO              (abs)             00000
__CFG_CLKOUTEN$OFF         (abs)             00000
__CFG_CP$ON                (abs)             00000
__CFG_FCMEN$ON             (abs)             00000
__CFG_FOSC$INTOSC          (abs)             00000
__CFG_IESO$OFF             (abs)             00000
__CFG_LPBOR$ON             (abs)             00000
__CFG_LVP$OFF              (abs)             00000
__CFG_MCLRE$OFF            (abs)             00000
__CFG_PWRTE$ON             (abs)             00000
__CFG_STVREN$ON            (abs)             00000
__CFG_VCAPEN$OFF           (abs)             00000
__CFG_WDTE$ON              (abs)             00000
__CFG_WRT$OFF              (abs)             00000
__H_nvm_pgm_cfg_text       _nvm_pgm_cfg_text 03840
__Habs1                    abs1              00000
__Hbank0                   bank0             00000
__Hbank1                   bank1             00000
__Hbank10                  bank10            00000
__Hbank11                  bank11            00000
__Hbank12                  bank12            00000
__Hbank13                  bank13            00000
__Hbank14                  bank14            00000
__Hbank15                  bank15            00000
__Hbank16                  bank16            00000
__Hbank17                  bank17            00000
__Hbank18                  bank18            00000
__Hbank19                  bank19            00000
__Hbank2                   bank2             00000
__Hbank20                  bank20            00000
__Hbank21                  bank21            00000
__Hbank22                  bank22            00000
__Hbank23                  bank23            00000
__Hbank24                  bank24            00000
__Hbank25                  bank25            00000
__Hbank26                  bank26            00000
__Hbank27                  bank27            00000
__Hbank28                  bank28            00000
__Hbank29                  bank29            00000
__Hbank3                   bank3             00000
__Hbank30                  bank30            00000
__Hbank31                  bank31            00000
__Hbank4                   bank4             00000
__Hbank5                   bank5             00000
__Hbank6                   bank6             00000
__Hbank7                   bank7             00000
__Hbank8                   bank8             00000
__Hbank9                   bank9             00000
__Hbigram                  bigram            00000
__HbssBANK0                bssBANK0          00000
__HbssBANK1                bssBANK1          00000
__HbssCOMMON               bssCOMMON         00000
__Hcinit                   cinit             00041
__Hclrtext                 clrtext           00000
__Hcode                    code              00000
__Hcommon                  common            00000
__Hconfig                  config            08009
__HcstackBANK0             cstackBANK0       00000
__HcstackCOMMON            cstackCOMMON      00000
__HdataBANK1               dataBANK1         00000
__HdataBANK2               dataBANK2         00000
__Heeprom_data             eeprom_data       00000
__Hend_init                end_init          00016
__Hfunctab                 functab           00000
__HidataBANK1              idataBANK1        00000
__HidataBANK2              idataBANK2        00000
__Hidloc                   idloc             00000
__Hinit                    init              00014
__Hinittext                inittext          00000
__Hintentry                intentry          00014
__Hmaintext                maintext          00000
__Hpowerup                 powerup           00000
__Hram                     ram               00000
__Hreset_vec               reset_vec         00003
__Hsfr0                    sfr0              00000
__Hsfr1                    sfr1              00000
__Hsfr10                   sfr10             00000
__Hsfr11                   sfr11             00000
__Hsfr12                   sfr12             00000
__Hsfr13                   sfr13             00000
__Hsfr14                   sfr14             00000
__Hsfr15                   sfr15             00000
__Hsfr16                   sfr16             00000
__Hsfr17                   sfr17             00000
__Hsfr18                   sfr18             00000
__Hsfr19                   sfr19             00000
__Hsfr2                    sfr2              00000
__Hsfr20                   sfr20             00000
__Hsfr21                   sfr21             00000
__Hsfr22                   sfr22             00000
__Hsfr23                   sfr23             00000
__Hsfr24                   sfr24             00000
__Hsfr25                   sfr25             00000
__Hsfr26                   sfr26             00000
__Hsfr27                   sfr27             00000
__Hsfr28                   sfr28             00000
__Hsfr29                   sfr29             00000
__Hsfr3                    sfr3              00000
__Hsfr30                   sfr30             00000
__Hsfr31                   sfr31             00000
__Hsfr4                    sfr4              00000
__Hsfr5                    sfr5              00000
__Hsfr6                    sfr6              00000
__Hsfr7                    sfr7              00000
__Hsfr8                    sfr8              00000
__Hsfr9                    sfr9              00000
__Hspace_0                 (abs)             08009
__Hspace_1                 (abs)             0014F
__Hspace_2                 (abs)             00000
__Hspace_3                 (abs)             00000
__Hstack                   stack             00000
__Hstrings                 strings           00000
__Htext                    text              00000
__L_nvm_pgm_cfg_text       _nvm_pgm_cfg_text 03820
__Labs1                    abs1              00000
__Lbank0                   bank0             00000
__Lbank1                   bank1             00000
__Lbank10                  bank10            00000
__Lbank11                  bank11            00000
__Lbank12                  bank12            00000
__Lbank13                  bank13            00000
__Lbank14                  bank14            00000
__Lbank15                  bank15            00000
__Lbank16                  bank16            00000
__Lbank17                  bank17            00000
__Lbank18                  bank18            00000
__Lbank19                  bank19            00000
__Lbank2                   bank2             00000
__Lbank20                  bank20            00000
__Lbank21                  bank21            00000
__Lbank22                  bank22            00000
__Lbank23                  bank23            00000
__Lbank24                  bank24            00000
__Lbank25                  bank25            00000
__Lbank26                  bank26            00000
__Lbank27                  bank27            00000
__Lbank28                  bank28            00000
__Lbank29                  bank29            00000
__Lbank3                   bank3             00000
__Lbank30                  bank30            00000
__Lbank31                  bank31            00000
__Lbank4                   bank4             00000
__Lbank5                   bank5             00000
__Lbank6                   bank6             00000
__Lbank7                   bank7             00000
__Lbank8                   bank8             00000
__Lbank9                   bank9             00000
__Lbigram                  bigram            00000
__LbssBANK0                bssBANK0          00000
__LbssBANK1                bssBANK1          00000
__LbssCOMMON               bssCOMMON         00000
__Lcinit                   cinit             00016
__Lclrtext                 clrtext           00000
__Lcode                    code              00000
__Lcommon                  common            00000
__Lconfig                  config            08007
__LcstackBANK0             cstackBANK0       00000
__LcstackCOMMON            cstackCOMMON      00000
__LdataBANK1               dataBANK1         00000
__LdataBANK2               dataBANK2         00000
__Leeprom_data             eeprom_data       00000
__Lend_init                end_init          00014
__Lfunctab                 functab           00000
__LidataBANK1              idataBANK1        00000
__LidataBANK2              idataBANK2        00000
__Lidloc                   idloc             00000
__Linit                    init              00014
__Linittext                inittext          00000
__Lintentry                intentry          00004
__Lmaintext                maintext          00000
__Lpowerup                 powerup           00000
__Lram                     ram               00000
__Lreset_vec               reset_vec         00000
__Lsfr0                    sfr0              00000
__Lsfr1                    sfr1              00000
__Lsfr10                   sfr10             00000
__Lsfr11                   sfr11             00000
__Lsfr12                   sfr12             00000
__Lsfr13                   sfr13             00000
__Lsfr14                   sfr14             00000
__Lsfr15                   sfr15             00000
__Lsfr16                   sfr16             00000
__Lsfr17                   sfr17             00000
__Lsfr18                   sfr18             00000
__Lsfr19                   sfr19             00000
__Lsfr2                    sfr2              00000
__Lsfr20                   sfr20             00000
__Lsfr21                   sfr21             00000
__Lsfr22                   sfr22             00000
__Lsfr23                   sfr23             00000
__Lsfr24                   sfr24             00000
__Lsfr25                   sfr25             00000
__Lsfr26                   sfr26             00000
__Lsfr27                   sfr27             00000
__Lsfr28                   sfr28             00000
__Lsfr29                   sfr29             00000
__Lsfr3                    sfr3              00000
__Lsfr30                   sfr30             00000
__Lsfr31                   sfr31             00000
__Lsfr4                    sfr4              00000
__Lsfr5                    sfr5              00000
__Lsfr6                    sfr6              00000
__Lsfr7                    sfr7              00000
__Lsfr8                    sfr8              00000
__Lsfr9                    sfr9              00000
__Lspace_0                 (abs)             00000
__Lspace_1                 (abs)             00000
__Lspace_2                 (abs)             00000
__Lspace_3                 (abs)             00000
__Lstack                   stack             00000
__Lstrings                 strings           00000
__Ltext                    text              00000
__S0                       (abs)             08009
__S1                       (abs)             0014F
__S2                       (abs)             00000
___ftadd                   text18            00222
___ftadd@exp1              cstackCOMMON      0007B
___ftadd@exp2              cstackCOMMON      0007A
___ftadd@f1                cstackBANK0       00020
___ftadd@f2                cstackBANK0       00023
___ftadd@sign              cstackCOMMON      00079
___ftdiv                   text25            00578
___ftdiv@cntr              cstackBANK0       0003B
___ftdiv@exp               cstackBANK0       0003F
___ftdiv@f1                cstackBANK0       00034
___ftdiv@f2                cstackBANK0       00031
___ftdiv@f3                cstackBANK0       0003C
___ftdiv@sign              cstackBANK0       00040
___ftge                    text20            00F89
___ftge@ff1                cstackCOMMON      00071
___ftge@ff2                cstackCOMMON      00074
___ftmul                   text19            004C4
___ftmul@cntr              cstackBANK0       0002F
___ftmul@exp               cstackBANK0       0002B
___ftmul@f1                cstackBANK0       00021
___ftmul@f2                cstackBANK0       00024
___ftmul@f3_as_product     cstackBANK0       0002C
___ftmul@sign              cstackBANK0       00030
___ftpack                  text26            00693
___ftpack@arg              cstackCOMMON      00071
___ftpack@exp              cstackCOMMON      00074
___ftpack@sign             cstackCOMMON      00075
___ftsub                   text17            00D0F
___ftsub@f1                cstackBANK0       0002D
___ftsub@f2                cstackBANK0       0002A
___int_sp                  stack             00000
___latbits                 (abs)             00003
___lltoft                  text24            00E6F
___lltoft@c                cstackBANK0       00020
___lltoft@exp              cstackCOMMON      0007A
___lwdiv                   text23            00F55
___lwdiv@counter           cstackCOMMON      00078
___lwdiv@dividend          cstackCOMMON      00073
___lwdiv@divisor           cstackCOMMON      00071
___lwdiv@quotient          cstackCOMMON      00076
___lwtoft                  text22            00BD5
___lwtoft@c                cstackCOMMON      00079
___sp                      stack             00000
___wmul                    text21            00C61
___wmul@multiplicand       cstackCOMMON      00073
___wmul@multiplier         cstackCOMMON      00071
___wmul@product            cstackCOMMON      00075
__end_of_ADCConv           text15            00222
__end_of_ADCInit           text54            00EC6
__end_of_CC1Init           text8             00F25
__end_of_CC1Read           text34            00C98
__end_of_CC1Strobe         text39            00BD5
__end_of_CC1Write          text14            00DAB
__end_of_DINInit           text53            00BC1
__end_of_DINTask           text52            00CD3
__end_of_DINTick           text28            00E6F
__end_of_DLYDelay_ms       text38            00C47
__end_of_INInit            text51            00D6A
__end_of_INTIsr            intentry          00014
__end_of_LEDFastFlash      text7             00D4B
__end_of_LEDInit           text50            00B3F
__end_of_LEDNormalFlash    text37            00CF1
__end_of_NVMInit           text49            00B4A
__end_of_NVMRead           text43            00DF5
__end_of_NVMWrite          text47            004C4
__end_of_OUTInit           text48            00E44
__end_of_PGMCheckNvm       text44            00B56
__end_of_PGMInit           text41            00BFF
__end_of_PGMNvmReset       text45            00BB0
__end_of_PGMPgmOff         text36            00B14
__end_of_PGMReadNvm        text42            00B82
__end_of_PGMSelLong        text27            00C2E
__end_of_PGMSelUp          text10            00C16
__end_of_PGMTick           text9             00004
__end_of_PGMWriteNvm       text46            00B73
__end_of_RTXAwake          text3             00C61
__end_of_RTXInit           text4             00DCF
__end_of_RTXRcvPkt         text33            00B64
__end_of_RTXReadPkt        text32            007EF
__end_of_RTXSendData       text6             00693
__end_of_RTXSendPgm        text12            01000
__end_of_RTXSndPkt         text13            0074D
__end_of_RTXStartSendData  text5             00BA0
__end_of_RTXStartSendPgm   text11            00B91
__end_of_RTXTask           text31            00B20
__end_of_RTXTick           text2             00800
__end_of_SPIInit           text30            00D0F
__end_of_SPIRead           text35            00D8A
__end_of_SPIWrite          text40            00CB5
__end_of_SYSInit           text29            00E1B
__end_of_SYSInt            text56            00B1A
__end_of_SYSTask           text1             00F55
__end_of___ftadd           text18            00318
__end_of___ftdiv           text25            00621
__end_of___ftge            text20            00FC4
__end_of___ftmul           text19            00578
__end_of___ftpack          text26            006F7
__end_of___ftsub           text17            00D2D
__end_of___lltoft          text24            00E9A
__end_of___lwdiv           text23            00F89
__end_of___lwtoft          text22            00BE9
__end_of___wmul            text21            00C7C
__end_of__initialization   cinit             0003E
__end_of_main              maintext          007A0
__end_of_nvm_pgm_cfg       _nvm_pgm_cfg_text 03840
__end_of_sqrt              text16            00408
__initialization           cinit             00016
__p_nvm_pgm_cfg_text       _nvm_pgm_cfg_text 03820
__pbssBANK0                bssBANK0          00069
__pbssBANK1                bssBANK1          000A0
__pbssCOMMON               bssCOMMON         0007C
__pcstackBANK0             cstackBANK0       00020
__pcstackCOMMON            cstackCOMMON      00070
__pdataBANK1               dataBANK1         000CD
__pdataBANK2               dataBANK2         00120
__pidataBANK1              idataBANK1        00B2C
__pidataBANK2              idataBANK2        00EC6
__pintentry                intentry          00004
__pmaintext                maintext          0074D
__ptext1                   text1             00F25
__ptext10                  text10            00BFF
__ptext11                  text11            00B82
__ptext12                  text12            00FC4
__ptext13                  text13            006F7
__ptext14                  text14            00D8A
__ptext15                  text15            00041
__ptext16                  text16            00318
__ptext17                  text17            00D0F
__ptext18                  text18            00222
__ptext19                  text19            004C4
__ptext2                   text2             007EF
__ptext20                  text20            00F89
__ptext21                  text21            00C61
__ptext22                  text22            00BD5
__ptext23                  text23            00F55
__ptext24                  text24            00E6F
__ptext25                  text25            00578
__ptext26                  text26            00693
__ptext27                  text27            00C16
__ptext28                  text28            00E44
__ptext29                  text29            00DF5
__ptext3                   text3             00C47
__ptext30                  text30            00CF1
__ptext31                  text31            00B1A
__ptext32                  text32            007A0
__ptext33                  text33            00B56
__ptext34                  text34            00C7C
__ptext35                  text35            00D6A
__ptext36                  text36            00B10
__ptext37                  text37            00CD3
__ptext38                  text38            00C2E
__ptext39                  text39            00BC1
__ptext4                   text4             00DAB
__ptext40                  text40            00C98
__ptext41                  text41            00BE9
__ptext42                  text42            00B73
__ptext43                  text43            00DCF
__ptext44                  text44            00B4A
__ptext45                  text45            00BA0
__ptext46                  text46            00B64
__ptext47                  text47            00408
__ptext48                  text48            00E1B
__ptext49                  text49            00B3F
__ptext5                   text5             00B91
__ptext50                  text50            00B34
__ptext51                  text51            00D4B
__ptext52                  text52            00CB5
__ptext53                  text53            00BB0
__ptext54                  text54            00E9A
__ptext56                  text56            00B14
__ptext6                   text6             00621
__ptext7                   text7             00D2D
__ptext8                   text8             00EF5
__ptext9                   text9             00003
__size_of_ADCConv          (abs)             00000
__size_of_ADCInit          (abs)             00000
__size_of_CC1Init          (abs)             00000
__size_of_CC1Read          (abs)             00000
__size_of_CC1Strobe        (abs)             00000
__size_of_CC1Write         (abs)             00000
__size_of_DINInit          (abs)             00000
__size_of_DINTask          (abs)             00000
__size_of_DINTick          (abs)             00000
__size_of_DLYDelay_ms      (abs)             00000
__size_of_INInit           (abs)             00000
__size_of_INTIsr           (abs)             00000
__size_of_LEDFastFlash     (abs)             00000
__size_of_LEDInit          (abs)             00000
__size_of_LEDNormalFlash   (abs)             00000
__size_of_NVMInit          (abs)             00000
__size_of_NVMRead          (abs)             00000
__size_of_NVMWrite         (abs)             00000
__size_of_OUTInit          (abs)             00000
__size_of_PGMCheckNvm      (abs)             00000
__size_of_PGMInit          (abs)             00000
__size_of_PGMNvmReset      (abs)             00000
__size_of_PGMPgmOff        (abs)             00000
__size_of_PGMReadNvm       (abs)             00000
__size_of_PGMSelLong       (abs)             00000
__size_of_PGMSelUp         (abs)             00000
__size_of_PGMTick          (abs)             00000
__size_of_PGMWriteNvm      (abs)             00000
__size_of_RTXAwake         (abs)             00000
__size_of_RTXInit          (abs)             00000
__size_of_RTXRcvPkt        (abs)             00000
__size_of_RTXReadPkt       (abs)             00000
__size_of_RTXSendData      (abs)             00000
__size_of_RTXSendPgm       (abs)             00000
__size_of_RTXSndPkt        (abs)             00000
__size_of_RTXStartSendData (abs)             00000
__size_of_RTXStartSendPgm  (abs)             00000
__size_of_RTXTask          (abs)             00000
__size_of_RTXTick          (abs)             00000
__size_of_SPIInit          (abs)             00000
__size_of_SPIRead          (abs)             00000
__size_of_SPIWrite         (abs)             00000
__size_of_SYSInit          (abs)             00000
__size_of_SYSInt           (abs)             00000
__size_of_SYSTask          (abs)             00000
__size_of___ftadd          (abs)             00000
__size_of___ftdiv          (abs)             00000
__size_of___ftge           (abs)             00000
__size_of___ftmul          (abs)             00000
__size_of___ftpack         (abs)             00000
__size_of___ftsub          (abs)             00000
__size_of___lltoft         (abs)             00000
__size_of___lwdiv          (abs)             00000
__size_of___lwtoft         (abs)             00000
__size_of___wmul           (abs)             00000
__size_of_main             (abs)             00000
__size_of_sqrt             (abs)             00000
_adc_ch                    bssBANK0          0006C
_batt                      bssBANK1          000A3
_battV                     bssBANK1          000A0
_cc1InitVal                dataBANK2         00120
_cc1PaTable                dataBANK1         000CD
_cntSndData                bssBANK1          000A9
_errno                     bssBANK1          000A5
_flg_slp                   bssBANK1          000AA
_main                      maintext          0074D
_nvm_pgm_cfg               _nvm_pgm_cfg_text 03820
_nvm_pgm_cfg_absaddr       (abs)             03820
_pgm_cfg                   bssBANK1          000C8
_pgm_flg                   bssCOMMON         0007C
_pktRx                     bssBANK1          000B2
_pktTx                     bssBANK1          000BD
_rmsCurr                   bssBANK0          00069
_rtx_flg                   bssBANK1          000AB
_sqrt                      text16            00318
_tmrDbncSel                bssBANK1          000AC
_tmrLongSel                bssBANK1          000A7
_tmrRcvPkt                 bssBANK1          000AD
_u_SYS_STA                 bssBANK1          000AE
_u_flg_din                 bssBANK0          0006D
_u_in_ev_down              bssBANK1          000AF
_u_in_ev_long              bssBANK1          000B0
_u_in_ev_up                bssBANK1          000B1
_u_in_sta_currTask         bssBANK0          0006E
_u_in_sta_tmpTask          bssBANK0          0006F
btemp                      (abs)             0007E
clear_ram0                 clrtext           00B26
end_of_initialization      cinit             0003E
init_ram                   inittext          00B20
intlevel0                  functab           00000
intlevel1                  functab           00000
intlevel2                  functab           00000
intlevel3                  functab           00000
intlevel4                  functab           00000
intlevel5                  functab           00000
ltemp                      (abs)             0007E
ltemp0                     (abs)             0007E
ltemp1                     (abs)             00082
ltemp2                     (abs)             00086
ltemp3                     (abs)             00080
main@i                     cstackBANK0       00068
reset_vec                  reset_vec         00000
sqrt@i                     cstackBANK0       0003D
sqrt@og                    cstackBANK0       00037
sqrt@q                     cstackBANK0       0003E
sqrt@x                     cstackBANK0       00041
sqrt@y                     cstackBANK0       00031
sqrt@z                     cstackBANK0       0003A
stackhi                    (abs)             023EF
stacklo                    (abs)             020CF
start                      init              00014
start_initialization       cinit             00016
ttemp                      (abs)             0007E
ttemp0                     (abs)             0007E
ttemp1                     (abs)             00081
ttemp2                     (abs)             00084
ttemp3                     (abs)             00087
ttemp4                     (abs)             0007F
wtemp                      (abs)             0007E
wtemp0                     (abs)             0007E
wtemp1                     (abs)             00080
wtemp2                     (abs)             00082
wtemp3                     (abs)             00084
wtemp4                     (abs)             00086
wtemp5                     (abs)             00088
wtemp6                     (abs)             0007F


FUNCTION INFORMATION:

 *************** function _main *****************
 Defined at:
		line 54 in file "Sensore.c"
 Parameters:    Size  Location     Type
		None
 Auto vars:     Size  Location     Type
  i               1   72[BANK0 ] unsigned char 
 Return value:  Size  Location     Type
		None               void
 Registers used:
		wreg, fsr0l, fsr0h, fsr1l, fsr1h, status,2, status,0, pclath, cstack
 Tracked objects:
		On entry : 
		On exit  : 
		Unchanged: 
 Data sizes:     COMMON   BANK0   BANK1   BANK2   BANK3   BANK4   BANK5   BANK6   BANK7   BANK8   BANK9  BANK10  BANK11  BANK12
      Params:         0       0       0       0       0       0       0       0       0       0       0       0       0       0
      Locals:         0       1       0       0       0       0       0       0       0       0       0       0       0       0
      Temps:          0       1       0       0       0       0       0       0       0       0       0       0       0       0
      Totals:         0       2       0       0       0       0       0       0       0       0       0       0       0       0
Total ram usage:        2 bytes
 Hardware stack levels required when called:   11
 This function calls:
		_ADCInit
		_CC1Init
		_DINInit
		_DINTask
		_INInit
		_LEDInit
		_NVMInit
		_OUTInit
		_PGMInit
		_RTXInit
		_RTXTask
		_SPIInit
		_SYSInit
		_SYSTask
 This function is called by:
		Startup code after reset
 This function uses a non-reentrant model


 *************** function _SYSTask *****************
 Defined at:
		line 44 in file "SYS.c"
 Parameters:    Size  Location     Type
		None
 Auto vars:     Size  Location     Type
		None
 Return value:  Size  Location     Type
		None               void
 Registers used:
		wreg, fsr0l, fsr0h, fsr1l, fsr1h, status,2, status,0, pclath, cstack
 Tracked objects:
		On entry : 
		On exit  : 
		Unchanged: 
 Data sizes:     COMMON   BANK0   BANK1   BANK2   BANK3   BANK4   BANK5   BANK6   BANK7   BANK8   BANK9  BANK10  BANK11  BANK12
      Params:         0       0       0       0       0       0       0       0       0       0       0       0       0       0
      Locals:         0       0       0       0       0       0       0       0       0       0       0       0       0       0
      Temps:          0       0       0       0       0       0       0       0       0       0       0       0       0       0
      Totals:         0       0       0       0       0       0       0       0       0       0       0       0       0       0
Total ram usage:        0 bytes
 Hardware stack levels used:    1
 Hardware stack levels required when called:   10
 This function calls:
		_ADCConv
		_DINTick
		_PGMPgmOff
		_PGMSelLong
		_PGMSelUp
		_PGMTick
		_RTXAwake
		_RTXTick
 This function is called by:
		_main
 This function uses a non-reentrant model


 *************** function _RTXTick *****************
 Defined at:
		line 90 in file "RTX.c"
 Parameters:    Size  Location     Type
		None
 Auto vars:     Size  Location     Type
		None
 Return value:  Size  Location     Type
		None               void
 Registers used:
		wreg, fsr1l, fsr1h, status,2, status,0, pclath, cstack
 Tracked objects:
		On entry : 
		On exit  : 
		Unchanged: 
 Data sizes:     COMMON   BANK0   BANK1   BANK2   BANK3   BANK4   BANK5   BANK6   BANK7   BANK8   BANK9  BANK10  BANK11  BANK12
      Params:         0       0       0       0       0       0       0       0       0       0       0       0       0       0
      Locals:         0       0       0       0       0       0       0       0       0       0       0       0       0       0
      Temps:          0       0       0       0       0       0       0       0       0       0       0       0       0       0
      Totals:         0       0       0       0       0       0       0       0       0       0       0       0       0       0
Total ram usage:        0 bytes
 Hardware stack levels used:    1
 Hardware stack levels required when called:    6
 This function calls:
		_RTXSendData
		_RTXSendPgm
 This function is called by:
		_SYSTask
 This function uses a non-reentrant model


 *************** function _RTXAwake *****************
 Defined at:
		line 113 in file "RTX.c"
 Parameters:    Size  Location     Type
		None
 Auto vars:     Size  Location     Type
		None
 Return value:  Size  Location     Type
		None               void
 Registers used:
		wreg, fsr0l, fsr0h, fsr1l, fsr1h, status,2, status,0, pclath, cstack
 Tracked objects:
		On entry : 
		On exit  : 
		Unchanged: 
 Data sizes:     COMMON   BANK0   BANK1   BANK2   BANK3   BANK4   BANK5   BANK6   BANK7   BANK8   BANK9  BANK10  BANK11  BANK12
      Params:         0       0       0       0       0       0       0       0       0       0       0       0       0       0
      Locals:         0       0       0       0       0       0       0       0       0       0       0       0       0       0
      Temps:          0       0       0       0       0       0       0       0       0       0       0       0       0       0
      Totals:         0       0       0       0       0       0       0       0       0       0       0       0       0       0
Total ram usage:        0 bytes
 Hardware stack levels used:    1
 Hardware stack levels required when called:    9
 This function calls:
		_CC1Init
		_DLYDelay_ms
		_RTXInit
 This function is called by:
		_SYSTask
 This function uses a non-reentrant model


 *************** function _RTXInit *****************
 Defined at:
		line 67 in file "RTX.c"
 Parameters:    Size  Location     Type
  state           1    wreg     unsigned char 
 Auto vars:     Size  Location     Type
  state           1   60[BANK0 ] unsigned char 
 Return value:  Size  Location     Type
		None               void
 Registers used:
		wreg, fsr0l, fsr0h, fsr1l, fsr1h, status,2, status,0, pclath, cstack
 Tracked objects:
		On entry : 
		On exit  : 
		Unchanged: 
 Data sizes:     COMMON   BANK0   BANK1   BANK2   BANK3   BANK4   BANK5   BANK6   BANK7   BANK8   BANK9  BANK10  BANK11  BANK12
      Params:         0       0       0       0       0       0       0       0       0       0       0       0       0       0
      Locals:         0       1       0       0       0       0       0       0       0       0       0       0       0       0
      Temps:          0       0       0       0       0       0       0       0       0       0       0       0       0       0
      Totals:         0       1       0       0       0       0       0       0       0       0       0       0       0       0
Total ram usage:        1 bytes
 Hardware stack levels used:    1
 Hardware stack levels required when called:    8
 This function calls:
		_CC1Strobe
		_RTXStartSendData
 This function is called by:
		_RTXAwake
		_main
 This function uses a non-reentrant model


 *************** function _RTXStartSendData *****************
 Defined at:
		line 214 in file "RTX.c"
 Parameters:    Size  Location     Type
		None
 Auto vars:     Size  Location     Type
		None
 Return value:  Size  Location     Type
		None               void
 Registers used:
		wreg, fsr0l, fsr0h, fsr1l, fsr1h, status,2, status,0, pclath, cstack
 Tracked objects:
		On entry : 
		On exit  : 
		Unchanged: 
 Data sizes:     COMMON   BANK0   BANK1   BANK2   BANK3   BANK4   BANK5   BANK6   BANK7   BANK8   BANK9  BANK10  BANK11  BANK12
      Params:         0       0       0       0       0       0       0       0       0       0       0       0       0       0
      Locals:         0       0       0       0       0       0       0       0       0       0       0       0       0       0
      Temps:          0       0       0       0       0       0       0       0       0       0       0       0       0       0
      Totals:         0       0       0       0       0       0       0       0       0       0       0       0       0       0
Total ram usage:        0 bytes
 Hardware stack levels used:    1
 Hardware stack levels required when called:    7
 This function calls:
		_ADCConv
		_DLYDelay_ms
		_RTXSendData
 This function is called by:
		_RTXInit
 This function uses a non-reentrant model


 *************** function _RTXSendData *****************
 Defined at:
		line 227 in file "RTX.c"
 Parameters:    Size  Location     Type
		None
 Auto vars:     Size  Location     Type
  valBatt         3   12[BANK0 ] struct _RTX_DATA
  valTemp         3    9[BANK0 ] struct _RTX_DATA
 Return value:  Size  Location     Type
		None               void
 Registers used:
		wreg, fsr1l, fsr1h, status,2, status,0, pclath, cstack
 Tracked objects:
		On entry : 
		On exit  : 
		Unchanged: 
 Data sizes:     COMMON   BANK0   BANK1   BANK2   BANK3   BANK4   BANK5   BANK6   BANK7   BANK8   BANK9  BANK10  BANK11  BANK12
      Params:         0       0       0       0       0       0       0       0       0       0       0       0       0       0
      Locals:         0       6       0       0       0       0       0       0       0       0       0       0       0       0
      Temps:          0       1       0       0       0       0       0       0       0       0       0       0       0       0
      Totals:         0       7       0       0       0       0       0       0       0       0       0       0       0       0
Total ram usage:        7 bytes
 Hardware stack levels used:    1
 Hardware stack levels required when called:    5
 This function calls:
		_LEDFastFlash
		_RTXSndPkt
 This function is called by:
		_RTXTick
		_RTXStartSendData
 This function uses a non-reentrant model


 *************** function _LEDFastFlash *****************
 Defined at:
		line 38 in file "LED.c"
 Parameters:    Size  Location     Type
  num             1    wreg     unsigned char 
 Auto vars:     Size  Location     Type
  num             1    8[COMMON] unsigned char 
  i               1    9[COMMON] unsigned char 
 Return value:  Size  Location     Type
		None               void
 Registers used:
		wreg, status,2, status,0, pclath, cstack
 Tracked objects:
		On entry : 
		On exit  : 
		Unchanged: 
 Data sizes:     COMMON   BANK0   BANK1   BANK2   BANK3   BANK4   BANK5   BANK6   BANK7   BANK8   BANK9  BANK10  BANK11  BANK12
      Params:         0       0       0       0       0       0       0       0       0       0       0       0       0       0
      Locals:         2       0       0       0       0       0       0       0       0       0       0       0       0       0
      Temps:          1       0       0       0       0       0       0       0       0       0       0       0       0       0
      Totals:         3       0       0       0       0       0       0       0       0       0       0       0       0       0
Total ram usage:        3 bytes
 Hardware stack levels used:    1
 Hardware stack levels required when called:    3
 This function calls:
		_DLYDelay_ms
 This function is called by:
		_RTXSendData
 This function uses a non-reentrant model


 *************** function _CC1Init *****************
 Defined at:
		line 74 in file "CC1.c"
 Parameters:    Size  Location     Type
  state           1    wreg     unsigned char 
 Auto vars:     Size  Location     Type
  state           1    2[BANK0 ] unsigned char 
 Return value:  Size  Location     Type
		None               void
 Registers used:
		wreg, fsr0l, fsr0h, fsr1l, fsr1h, status,2, status,0, pclath, cstack
 Tracked objects:
		On entry : 
		On exit  : 
		Unchanged: 
 Data sizes:     COMMON   BANK0   BANK1   BANK2   BANK3   BANK4   BANK5   BANK6   BANK7   BANK8   BANK9  BANK10  BANK11  BANK12
      Params:         0       0       0       0       0       0       0       0       0       0       0       0       0       0
      Locals:         0       1       0       0       0       0       0       0       0       0       0       0       0       0
      Temps:          1       0       0       0       0       0       0       0       0       0       0       0       0       0
      Totals:         1       1       0       0       0       0       0       0       0       0       0       0       0       0
Total ram usage:        2 bytes
 Hardware stack levels used:    1
 Hardware stack levels required when called:    4
 This function calls:
		_CC1Strobe
		_CC1Write
		_DLYDelay_ms
 This function is called by:
		_RTXAwake
		_main
 This function uses a non-reentrant model


 *************** function _PGMTick *****************
 Defined at:
		line 37 in file "PGM.c"
 Parameters:    Size  Location     Type
		None
 Auto vars:     Size  Location     Type
		None
 Return value:  Size  Location     Type
		None               void
 Registers used:
		None
 Tracked objects:
		On entry : 
		On exit  : 
		Unchanged: 
 Data sizes:     COMMON   BANK0   BANK1   BANK2   BANK3   BANK4   BANK5   BANK6   BANK7   BANK8   BANK9  BANK10  BANK11  BANK12
      Params:         0       0       0       0       0       0       0       0       0       0       0       0       0       0
      Locals:         0       0       0       0       0       0       0       0       0       0       0       0       0       0
      Temps:          0       0       0       0       0       0       0       0       0       0       0       0       0       0
      Totals:         0       0       0       0       0       0       0       0       0       0       0       0       0       0
Total ram usage:        0 bytes
 Hardware stack levels used:    1
 Hardware stack levels required when called:    2
 This function calls:
		Nothing
 This function is called by:
		_SYSTask
 This function uses a non-reentrant model


 *************** function _PGMSelUp *****************
 Defined at:
		line 79 in file "PGM.c"
 Parameters:    Size  Location     Type
		None
 Auto vars:     Size  Location     Type
		None
 Return value:  Size  Location     Type
		None               void
 Registers used:
		wreg, fsr0l, fsr0h, fsr1l, fsr1h, status,2, status,0, pclath, cstack
 Tracked objects:
		On entry : 
		On exit  : 
		Unchanged: 
 Data sizes:     COMMON   BANK0   BANK1   BANK2   BANK3   BANK4   BANK5   BANK6   BANK7   BANK8   BANK9  BANK10  BANK11  BANK12
      Params:         0       0       0       0       0       0       0       0       0       0       0       0       0       0
      Locals:         0       0       0       0       0       0       0       0       0       0       0       0       0       0
      Temps:          0       1       0       0       0       0       0       0       0       0       0       0       0       0
      Totals:         0       1       0       0       0       0       0       0       0       0       0       0       0       0
Total ram usage:        1 bytes
 Hardware stack levels used:    1
 Hardware stack levels required when called:    8
 This function calls:
		_PGMWriteNvm
		_RTXStartSendPgm
 This function is called by:
		_SYSTask
 This function uses a non-reentrant model


 *************** function _RTXStartSendPgm *****************
 Defined at:
		line 272 in file "RTX.c"
 Parameters:    Size  Location     Type
		None
 Auto vars:     Size  Location     Type
		None
 Return value:  Size  Location     Type
		None               void
 Registers used:
		wreg, fsr0l, fsr0h, fsr1l, fsr1h, status,2, status,0, pclath, cstack
 Tracked objects:
		On entry : 
		On exit  : 
		Unchanged: 
 Data sizes:     COMMON   BANK0   BANK1   BANK2   BANK3   BANK4   BANK5   BANK6   BANK7   BANK8   BANK9  BANK10  BANK11  BANK12
      Params:         0       0       0       0       0       0       0       0       0       0       0       0       0       0
      Locals:         0       0       0       0       0       0       0       0       0       0       0       0       0       0
      Temps:          0       0       0       0       0       0       0       0       0       0       0       0       0       0
      Totals:         0       0       0       0       0       0       0       0       0       0       0       0       0       0
Total ram usage:        0 bytes
 Hardware stack levels used:    1
 Hardware stack levels required when called:    7
 This function calls:
		_ADCConv
		_DLYDelay_ms
		_RTXSendPgm
 This function is called by:
		_PGMSelUp
 This function uses a non-reentrant model


 *************** function _RTXSendPgm *****************
 Defined at:
		line 285 in file "RTX.c"
 Parameters:    Size  Location     Type
		None
 Auto vars:     Size  Location     Type
		None
 Return value:  Size  Location     Type
		None               void
 Registers used:
		wreg, fsr1l, fsr1h, status,2, status,0, pclath, cstack
 Tracked objects:
		On entry : 
		On exit  : 
		Unchanged: 
 Data sizes:     COMMON   BANK0   BANK1   BANK2   BANK3   BANK4   BANK5   BANK6   BANK7   BANK8   BANK9  BANK10  BANK11  BANK12
      Params:         0       0       0       0       0       0       0       0       0       0       0       0       0       0
      Locals:         0       0       0       0       0       0       0       0       0       0       0       0       0       0
      Temps:          0       1       0       0       0       0       0       0       0       0       0       0       0       0
      Totals:         0       1       0       0       0       0       0       0       0       0       0       0       0       0
Total ram usage:        1 bytes
[...]
      Totals:         1       0       0       0       0       0       0       0       0       0       0       0       0       0
Total ram usage:        1 bytes
 Hardware stack levels used:    1
 Hardware stack levels required when called:    4
 This function calls:
		_PGMWriteNvm
 This function is called by:
		_PGMCheckNvm
 This function uses a non-reentrant model


 *************** function _PGMWriteNvm *****************
 Defined at:
		line 46 in file "PGM.c"
 Parameters:    Size  Location     Type
		None
 Auto vars:     Size  Location     Type
		None
 Return value:  Size  Location     Type
		None               void
 Registers used:
		wreg, fsr1l, fsr1h, status,2, status,0, pclath, cstack
 Tracked objects:
		On entry : 
		On exit  : 
		Unchanged: 
 Data sizes:     COMMON   BANK0   BANK1   BANK2   BANK3   BANK4   BANK5   BANK6   BANK7   BANK8   BANK9  BANK10  BANK11  BANK12
      Params:         0       0       0       0       0       0       0       0       0       0       0       0       0       0
      Locals:         0       0       0       0       0       0       0       0       0       0       0       0       0       0
      Temps:          2       0       0       0       0       0       0       0       0       0       0       0       0       0
      Totals:         2       0       0       0       0       0       0       0       0       0       0       0       0       0
Total ram usage:        2 bytes
 Hardware stack levels used:    1
 Hardware stack levels required when called:    3
 This function calls:
		_NVMWrite
 This function is called by:
		_PGMNvmReset
		_PGMSelUp
		_PGMSelLong
		_RTXReadPkt
 This function uses a non-reentrant model


 *************** function _NVMWrite *****************
 Defined at:
		line 38 in file "NVM.c"
 Parameters:    Size  Location     Type
  addr            2    1[COMMON] unsigned short 
  source          1    3[COMMON] PTR unsigned char 
		 -> pgm_cfg(5), 
  len             1    4[COMMON] unsigned char 
 Auto vars:     Size  Location     Type
  bufTmpRow      64    0[BANK0 ] unsigned short [32]
  rowAddr         2   64[BANK0 ] unsigned short 
  j               1   68[BANK0 ] unsigned char 
  latchAddr       1   67[BANK0 ] unsigned char 
  i               1   66[BANK0 ] unsigned char 
 Return value:  Size  Location     Type
		None               void
 Registers used:
		wreg, fsr1l, fsr1h, status,2, status,0
 Tracked objects:
		On entry : 
		On exit  : 
		Unchanged: 
 Data sizes:     COMMON   BANK0   BANK1   BANK2   BANK3   BANK4   BANK5   BANK6   BANK7   BANK8   BANK9  BANK10  BANK11  BANK12
      Params:         4       0       0       0       0       0       0       0       0       0       0       0       0       0
      Locals:         0      69       0       0       0       0       0       0       0       0       0       0       0       0
      Temps:          3       0       0       0       0       0       0       0       0       0       0       0       0       0
      Totals:         7      69       0       0       0       0       0       0       0       0       0       0       0       0
Total ram usage:       76 bytes
 Hardware stack levels used:    1
 Hardware stack levels required when called:    2
 This function calls:
		Nothing
 This function is called by:
		_PGMWriteNvm
 This function uses a non-reentrant model


 *************** function _OUTInit *****************
 Defined at:
		line 6 in file "OUT.c"
 Parameters:    Size  Location     Type
  sta             1    wreg     unsigned char 
 Auto vars:     Size  Location     Type
  sta             1    2[COMMON] unsigned char 
 Return value:  Size  Location     Type
		None               void
 Registers used:
		wreg, fsr0l, fsr0h, status,2, status,0
 Tracked objects:
		On entry : 
		On exit  : 
		Unchanged: 
 Data sizes:     COMMON   BANK0   BANK1   BANK2   BANK3   BANK4   BANK5   BANK6   BANK7   BANK8   BANK9  BANK10  BANK11  BANK12
      Params:         0       0       0       0       0       0       0       0       0       0       0       0       0       0
      Locals:         1       0       0       0       0       0       0       0       0       0       0       0       0       0
      Temps:          1       0       0       0       0       0       0       0       0       0       0       0       0       0
      Totals:         2       0       0       0       0       0       0       0       0       0       0       0       0       0
Total ram usage:        2 bytes
 Hardware stack levels used:    1
 Hardware stack levels required when called:    2
 This function calls:
		Nothing
 This function is called by:
		_main
 This function uses a non-reentrant model


 *************** function _NVMInit *****************
 Defined at:
		line 6 in file "NVM.c"
 Parameters:    Size  Location     Type
  sta             1    wreg     unsigned char 
 Auto vars:     Size  Location     Type
  sta             1    1[COMMON] unsigned char 
 Return value:  Size  Location     Type
		None               void
 Registers used:
		wreg, fsr0l, fsr0h, status,2, status,0
 Tracked objects:
		On entry : 
		On exit  : 
		Unchanged: 
 Data sizes:     COMMON   BANK0   BANK1   BANK2   BANK3   BANK4   BANK5   BANK6   BANK7   BANK8   BANK9  BANK10  BANK11  BANK12
      Params:         0       0       0       0       0       0       0       0       0       0       0       0       0       0
      Locals:         1       0       0       0       0       0       0       0       0       0       0       0       0       0
      Temps:          0       0       0       0       0       0       0       0       0       0       0       0       0       0
      Totals:         1       0       0       0       0       0       0       0       0       0       0       0       0       0
Total ram usage:        1 bytes
 Hardware stack levels used:    1
 Hardware stack levels required when called:    2
 This function calls:
		Nothing
 This function is called by:
		_main
 This function uses a non-reentrant model


 *************** function _LEDInit *****************
 Defined at:
		line 7 in file "LED.c"
 Parameters:    Size  Location     Type
  sta             1    wreg     unsigned char 
 Auto vars:     Size  Location     Type
  sta             1    1[COMMON] unsigned char 
 Return value:  Size  Location     Type
		None               void
 Registers used:
		wreg, fsr0l, fsr0h, status,2, status,0
 Tracked objects:
		On entry : 
		On exit  : 
		Unchanged: 
 Data sizes:     COMMON   BANK0   BANK1   BANK2   BANK3   BANK4   BANK5   BANK6   BANK7   BANK8   BANK9  BANK10  BANK11  BANK12
      Params:         0       0       0       0       0       0       0       0       0       0       0       0       0       0
      Locals:         1       0       0       0       0       0       0       0       0       0       0       0       0       0
      Temps:          0       0       0       0       0       0       0       0       0       0       0       0       0       0
      Totals:         1       0       0       0       0       0       0       0       0       0       0       0       0       0
Total ram usage:        1 bytes
 Hardware stack levels used:    1
 Hardware stack levels required when called:    2
 This function calls:
		Nothing
 This function is called by:
		_main
 This function uses a non-reentrant model


 *************** function _INInit *****************
 Defined at:
		line 6 in file "IN.c"
 Parameters:    Size  Location     Type
  sta             1    wreg     unsigned char 
 Auto vars:     Size  Location     Type
  sta             1    2[COMMON] unsigned char 
 Return value:  Size  Location     Type
		None               void
 Registers used:
		wreg, fsr0l, fsr0h, status,2, status,0
 Tracked objects:
		On entry : 
		On exit  : 
		Unchanged: 
 Data sizes:     COMMON   BANK0   BANK1   BANK2   BANK3   BANK4   BANK5   BANK6   BANK7   BANK8   BANK9  BANK10  BANK11  BANK12
      Params:         0       0       0       0       0       0       0       0       0       0       0       0       0       0
      Locals:         1       0       0       0       0       0       0       0       0       0       0       0       0       0
      Temps:          1       0       0       0       0       0       0       0       0       0       0       0       0       0
      Totals:         2       0       0       0       0       0       0       0       0       0       0       0       0       0
Total ram usage:        2 bytes
 Hardware stack levels used:    1
 Hardware stack levels required when called:    2
 This function calls:
		Nothing
 This function is called by:
		_main
 This function uses a non-reentrant model


 *************** function _DINTask *****************
 Defined at:
		line 79 in file "DIN.c"
 Parameters:    Size  Location     Type
		None
 Auto vars:     Size  Location     Type
		None
 Return value:  Size  Location     Type
		None               void
 Registers used:
		wreg, status,2, status,0
 Tracked objects:
		On entry : 
		On exit  : 
		Unchanged: 
 Data sizes:     COMMON   BANK0   BANK1   BANK2   BANK3   BANK4   BANK5   BANK6   BANK7   BANK8   BANK9  BANK10  BANK11  BANK12
      Params:         0       0       0       0       0       0       0       0       0       0       0       0       0       0
      Locals:         0       0       0       0       0       0       0       0       0       0       0       0       0       0
      Temps:          1       0       0       0       0       0       0       0       0       0       0       0       0       0
      Totals:         1       0       0       0       0       0       0       0       0       0       0       0       0       0
Total ram usage:        1 bytes
 Hardware stack levels used:    1
 Hardware stack levels required when called:    2
 This function calls:
		Nothing
 This function is called by:
		_main
 This function uses a non-reentrant model


 *************** function _DINInit *****************
 Defined at:
		line 24 in file "DIN.c"
 Parameters:    Size  Location     Type
  sta             1    wreg     unsigned char 
 Auto vars:     Size  Location     Type
  sta             1    1[COMMON] unsigned char 
 Return value:  Size  Location     Type
		None               void
 Registers used:
		wreg, fsr0l, fsr0h, status,2, status,0
 Tracked objects:
		On entry : 
		On exit  : 
		Unchanged: 
 Data sizes:     COMMON   BANK0   BANK1   BANK2   BANK3   BANK4   BANK5   BANK6   BANK7   BANK8   BANK9  BANK10  BANK11  BANK12
      Params:         0       0       0       0       0       0       0       0       0       0       0       0       0       0
      Locals:         1       0       0       0       0       0       0       0       0       0       0       0       0       0
      Temps:          0       0       0       0       0       0       0       0       0       0       0       0       0       0
      Totals:         1       0       0       0       0       0       0       0       0       0       0       0       0       0
Total ram usage:        1 bytes
 Hardware stack levels used:    1
 Hardware stack levels required when called:    2
 This function calls:
		Nothing
 This function is called by:
		_main
 This function uses a non-reentrant model


 *************** function _ADCInit *****************
 Defined at:
		line 31 in file "ADC.c"
 Parameters:    Size  Location     Type
  state           1    wreg     unsigned char 
 Auto vars:     Size  Location     Type
  state           1    2[COMMON] unsigned char 
 Return value:  Size  Location     Type
		None               void
 Registers used:
		wreg, fsr0l, fsr0h, status,2, status,0
 Tracked objects:
		On entry : 
		On exit  : 
		Unchanged: 
 Data sizes:     COMMON   BANK0   BANK1   BANK2   BANK3   BANK4   BANK5   BANK6   BANK7   BANK8   BANK9  BANK10  BANK11  BANK12
      Params:         0       0       0       0       0       0       0       0       0       0       0       0       0       0
      Locals:         1       0       0       0       0       0       0       0       0       0       0       0       0       0
      Temps:          1       0       0       0       0       0       0       0       0       0       0       0       0       0
      Totals:         2       0       0       0       0       0       0       0       0       0       0       0       0       0
Total ram usage:        2 bytes
 Hardware stack levels used:    1
 Hardware stack levels required when called:    2
 This function calls:
		Nothing
 This function is called by:
		_main
 This function uses a non-reentrant model


 *************** function _INTIsr *****************
 Defined at:
		line 37 in file "Sensore.c"
 Parameters:    Size  Location     Type
		None
 Auto vars:     Size  Location     Type
		None
 Return value:  Size  Location     Type
		None               void
 Registers used:
		wreg, status,2, status,0, pclath, cstack
 Tracked objects:
		On entry : 
		On exit  : 
		Unchanged: 
 Data sizes:     COMMON   BANK0   BANK1   BANK2   BANK3   BANK4   BANK5   BANK6   BANK7   BANK8   BANK9  BANK10  BANK11  BANK12
      Params:         0       0       0       0       0       0       0       0       0       0       0       0       0       0
      Locals:         0       0       0       0       0       0       0       0       0       0       0       0       0       0
      Temps:          1       0       0       0       0       0       0       0       0       0       0       0       0       0
      Totals:         1       0       0       0       0       0       0       0       0       0       0       0       0       0
Total ram usage:        1 bytes
 Hardware stack levels used:    1
 Hardware stack levels required when called:    1
 This function calls:
		_SYSInt
 This function is called by:
		Interrupt level 1
 This function uses a non-reentrant model


 *************** function _SYSInt *****************
 Defined at:
		line 35 in file "SYS.c"
 Parameters:    Size  Location     Type
		None
 Auto vars:     Size  Location     Type
		None
 Return value:  Size  Location     Type
		None               void
 Registers used:
		wreg
 Tracked objects:
		On entry : 
		On exit  : 
		Unchanged: 
 Data sizes:     COMMON   BANK0   BANK1   BANK2   BANK3   BANK4   BANK5   BANK6   BANK7   BANK8   BANK9  BANK10  BANK11  BANK12
      Params:         0       0       0       0       0       0       0       0       0       0       0       0       0       0
      Locals:         0       0       0       0       0       0       0       0       0       0       0       0       0       0
      Temps:          0       0       0       0       0       0       0       0       0       0       0       0       0       0
      Totals:         0       0       0       0       0       0       0       0       0       0       0       0       0       0
Total ram usage:        0 bytes
 Hardware stack levels used:    1
 This function calls:
		Nothing
 This function is called by:
		_INTIsr
 This function uses a non-reentrant model



MODULE INFORMATION

Module		Function		Class		Link	Load	Size
C:\Program Files (x86)\Microchip\xc8\v1.34\sources\common\ftge.c
		___ftge        		CODE           	0F89	0000	60

C:\Program Files (x86)\Microchip\xc8\v1.34\sources\common\ftge.c estimated size: 60

DIN.c
		_DINTick       		CODE           	0E44	0000	44
		_DINTask       		CODE           	0CB5	0000	31
		_DINInit       		CODE           	0BB0	0000	18

DIN.c estimated size: 93

LED.c
		_LEDInit       		CODE           	0B34	0000	12
		_LEDFastFlash  		CODE           	0D2D	0000	31
		_LEDNormalFlash		CODE           	0CD3	0000	31

LED.c estimated size: 74

PGM.c
		_PGMPgmOff     		CODE           	0B10	0000	5
		_PGMCheckNvm   		CODE           	0B4A	0000	13
		_PGMReadNvm    		CODE           	0B73	0000	16
		_PGMNvmReset   		CODE           	0BA0	0000	17
		_PGMTick       		CODE           	0003	0000	2
		_PGMSelLong    		CODE           	0C16	0000	25
		_PGMWriteNvm   		CODE           	0B64	0000	16
		_PGMInit       		CODE           	0BE9	0000	23
		_PGMSelUp      		CODE           	0BFF	0000	24

PGM.c estimated size: 141

NVM.c
		_NVMWrite      		CODE           	0408	0000	189
		_NVMInit       		CODE           	0B3F	0000	12
		_NVMRead       		CODE           	0DCF	0000	39

NVM.c estimated size: 240

C:\Program Files (x86)\Microchip\xc8\v1.34\sources\common\ftsub.c
		___ftsub       		CODE           	0D0F	0000	31

C:\Program Files (x86)\Microchip\xc8\v1.34\sources\common\ftsub.c estimated size: 31

C:\Program Files (x86)\Microchip\xc8\v1.34\sources\common\float.c
		___ftpack      		CODE           	0693	0000	101

C:\Program Files (x86)\Microchip\xc8\v1.34\sources\common\float.c estimated size: 101

OUT.c
		_OUTInit       		CODE           	0E1B	0000	42

OUT.c estimated size: 42

CC1.c
		_CC1Strobe     		CODE           	0BC1	0000	21
		_CC1Write      		CODE           	0D8A	0000	34
		_CC1Init       		CODE           	0EF5	0000	49
		_CC1Read       		CODE           	0C7C	0000	29

CC1.c estimated size: 133

C:\Program Files (x86)\Microchip\xc8\v1.34\sources\common\ftmul.c
		___ftmul       		CODE           	04C4	0000	181

C:\Program Files (x86)\Microchip\xc8\v1.34\sources\common\ftmul.c estimated size: 181

Sensore.c
		_main          		CODE           	074D	0000	84
		_INTIsr        		CODE           	0004	0000	17

Sensore.c estimated size: 101

C:\Program Files (x86)\Microchip\xc8\v1.34\sources\common\lwtoft.c
		___lwtoft      		CODE           	0BD5	0000	21

C:\Program Files (x86)\Microchip\xc8\v1.34\sources\common\lwtoft.c estimated size: 21

C:\Program Files (x86)\Microchip\xc8\v1.34\sources\common\ftdiv.c
		___ftdiv       		CODE           	0578	0000	170

C:\Program Files (x86)\Microchip\xc8\v1.34\sources\common\ftdiv.c estimated size: 170

C:\Program Files (x86)\Microchip\xc8\v1.34\sources\common\lltoft.c
		___lltoft      		CODE           	0E6F	0000	44

C:\Program Files (x86)\Microchip\xc8\v1.34\sources\common\lltoft.c estimated size: 44

shared
		_nvm_pgm_cfg   		CODE           	3820	0000	33
		__initializatio		CODE           	0016	0000	41

shared estimated size: 74

ADC.c
		_ADCInit       		CODE           	0E9A	0000	45
		_ADCConv       		CODE           	0041	0000	482

ADC.c estimated size: 527

C:\Program Files (x86)\Microchip\xc8\v1.34\sources\common\lwdiv.c
		___lwdiv       		CODE           	0F55	0000	53

C:\Program Files (x86)\Microchip\xc8\v1.34\sources\common\lwdiv.c estimated size: 53

SPI.c
		_SPIRead       		CODE           	0D6A	0000	33
		_SPIWrite      		CODE           	0C98	0000	30
		_SPIInit       		CODE           	0CF1	0000	31

SPI.c estimated size: 94

SYS.c
		_SYSTask       		CODE           	0F25	0000	49
		_SYSInt        		CODE           	0B14	0000	7
		_SYSInit       		CODE           	0DF5	0000	39

SYS.c estimated size: 95

C:\Program Files (x86)\Microchip\xc8\v1.34\sources\common\sqrt.c
		_sqrt          		CODE           	0318	0000	241

C:\Program Files (x86)\Microchip\xc8\v1.34\sources\common\sqrt.c estimated size: 241

RTX.c
		_RTXSndPkt     		CODE           	06F7	0000	87
		_RTXReadPkt    		CODE           	07A0	0000	80
		_RTXRcvPkt     		CODE           	0B56	0000	15
		_RTXTick       		CODE           	07EF	0000	18
		_RTXStartSendDa		CODE           	0B91	0000	16
		_RTXAwake      		CODE           	0C47	0000	27
		_RTXTask       		CODE           	0B1A	0000	7
		_RTXInit       		CODE           	0DAB	0000	37
		_RTXSendPgm    		CODE           	0FC4	0000	61
		_RTXSendData   		CODE           	0621	0000	115
		_RTXStartSendPg		CODE           	0B82	0000	16

RTX.c estimated size: 479

IN.c
		_INInit        		CODE           	0D4B	0000	32

IN.c estimated size: 32

C:\Program Files (x86)\Microchip\xc8\v1.34\sources\common\Umul16.c
		___wmul        		CODE           	0C61	0000	28

C:\Program Files (x86)\Microchip\xc8\v1.34\sources\common\Umul16.c estimated size: 28

C:\Program Files (x86)\Microchip\xc8\v1.34\sources\common\ftadd.c
		___ftadd       		CODE           	0222	0000	247

C:\Program Files (x86)\Microchip\xc8\v1.34\sources\common\ftadd.c estimated size: 247

DLY.c
		_DLYDelay_ms   		CODE           	0C2E	0000	26

DLY.c estimated size: 26

