Microchip MPLAB XC8 Compiler V1.34 ()

Linker command line:

--edf=C:\Program Files (x86)\Microchip\xc8\v1.34\dat\en_msgs.txt -cs \
  -h+dist/default/production\Sensore.X.production.sym \
  --cmf=dist/default/production\Sensore.X.production.cmf -z -Q16F1518 \
  -oC:\Users\Luca\AppData\Local\Temp\s67o.6 \
  -Mdist/default/production/Sensore.X.production.map -E1 -ver=XC8 \
  -ASTACK=0211Fh-023efh -pstack=STACK -ACODE=00h-07FFhx8 \
  -ASTRCODE=00h-03FFFh -ASTRING=00h-0FFhx64 -ACONST=00h-0FFhx64 \
  -AENTRY=00h-0FFhx64 -ACOMMON=070h-07Fh -ABANK0=020h-06Fh \
  -ABANK1=0A0h-0EFh -ABANK2=0120h-016Fh -ABANK3=01A0h-01EFh \
  -ABANK4=0220h-026Fh -ABANK5=02A0h-02EFh -ABANK6=0320h-036Fh \
  -ABANK7=03A0h-03EFh -ABANK8=0420h-046Fh -ABANK9=04A0h-04EFh \
  -ABANK10=0520h-056Fh -ABANK11=05A0h-05EFh -ABANK12=0620h-064Fh \
  -ABIGRAM=02000h-023EFh \
  -ARAM=020h-06Fh,0A0h-0EFh,0120h-016Fh,01A0h-01EFh,0220h-026Fh,02A0h-02EFh,0320h-036Fh,03A0h-03EFh,0420h-046Fh,04A0h-04EFh,0520h-056Fh,05A0h-05EFh,0620h-064Fh \
  -AABS1=020h-07Fh,0A0h-0EFh,0120h-016Fh,01A0h-01EFh,0220h-026Fh,02A0h-02EFh,0320h-036Fh,03A0h-03EFh,0420h-046Fh,04A0h-04EFh,0520h-056Fh,05A0h-05EFh,0620h-064Fh \
  -ASFR0=00h-01Fh -ASFR1=080h-09Fh -ASFR2=0100h-011Fh -ASFR3=0180h-019Fh \
  -ASFR4=0200h-021Fh -ASFR5=0280h-029Fh -ASFR6=0300h-031Fh \
  -ASFR7=0380h-039Fh -ASFR8=0400h-041Fh -ASFR9=0480h-049Fh \
  -ASFR10=0500h-051Fh -ASFR11=0580h-059Fh -ASFR12=0600h-061Fh \
  -ASFR13=0680h-06EFh -ASFR14=0700h-076Fh -ASFR15=0780h-07EFh \
  -ASFR16=0800h-086Fh -ASFR17=0880h-08EFh -ASFR18=0900h-096Fh \
  -ASFR19=0980h-09EFh -ASFR20=0A00h-0A6Fh -ASFR21=0A80h-0AEFh \
  -ASFR22=0B00h-0B6Fh -ASFR23=0B80h-0BEFh -ASFR24=0C00h-0C6Fh \
  -ASFR25=0C80h-0CEFh -ASFR26=0D00h-0D6Fh -ASFR27=0D80h-0DEFh \
  -ASFR28=0E00h-0E6Fh -ASFR29=0E80h-0EEFh -ASFR30=0F00h-0F6Fh \
  -ASFR31=0F80h-0FEFh -preset_vec=00h,intentry=04h,init,end_init \
  -ppowerup=CODE -pcinit=CODE -pfunctab=CODE -ACONFIG=08007h-08008h \
  -pconfig=CONFIG -DCONFIG=2 -AIDLOC=08000h-08003h -pidloc=IDLOC -DIDLOC=2 \
  -DCODE=2 -DSTRCODE=2 -DSTRING=2 -DCONST=2 -DENTRY=2 -k \
  C:\Users\Luca\AppData\Local\Temp\s67o.obj \
  dist/default/production\Sensore.X.production.obj 

Object code version is 3.11

Machine type is 16F1518



                Name                               Link     Load   Length Selector   Space Scale
C:\Users\Luca\AppData\Local\Temp\s67o.obj
                end_init                             14       14        2        8       0
                reset_vec                             0        0        2        0       0
                config                             8007     8007        2    1000E       0
dist/default/production\Sensore.X.production.obj
                cinit                                16       16       33        8       0
                intentry                              4        4       10        8       0
                text58                              AE8      AE8        6     15D0       0
                text56                              E72      E72       2B     1CE4       0
                text55                              BAF      BAF       11     175E       0
                text54                              C8D      C8D       1E     191A       0
                text53                              C1F      C1F       1B     183E       0
                text52                              B19      B19        B     1632       0
                text51                              B24      B24        B     1648       0
                text50                              E49      E49       29     1C92       0
                text49                              3E0      3E0       BC        8       0
                text48                              B63      B63        F     16C6       0
                text47                              B9F      B9F       10     173E       0
                text46                              B2F      B2F        C     165E       0
                text45                              DAE      DAE       26     1B5C       0
                text44                              B72      B72        F     16E4       0
                text43                              BD4      BD4       18     17A8       0
                text42                              BEC      BEC       19     17D8       0
                text41                              CAB      CAB       1E     1956       0
                text40                              D66      D66       24     1ACC       0
                text39                              C70      C70       1D     18E0       0
                text38                              D44      D44       22     1A88       0
                text37                              B47      B47        E     168E       0
                text36                              BC0      BC0       14     1780       0
                text35                              D23      D23       21     1A46       0
                text34                              F8C      F8C       39     1F18       0
                text33                              EC8      EC8       2F     1D90       0
                text32                              6E0      6E0       64        8       0
                text31                              550      550       A9        8       0
                text30                              E9D      E9D       2B     1D3A       0
                text29                              F58      F58       34     1EB0       0
                text28                              7EB      7EB       14        8       0
                text27                              C3A      C3A       1B     1874       0
                text26                              FC5      FC5       3B     1F8A       0
                text25                              49C      49C       B4        8       0
                text24                              1FA      1FA       F6        8       0
                text23                              CC9      CC9       1E     1992       0
                text22                              2F0      2F0       F0        8       0
                text21                               49       49      1B1        8       0
                text20                              CE7      CE7       1E     19CE       0
                text19                              5F9      5F9       7D        8       0
                text18                              B81      B81        F     1702       0
                text17                              744      744       54        8       0
                text16                              AEE      AEE        6     15DC       0
                text15                              D05      D05       1E     1A0A       0
                text14                              DD4      DD4       26     1BA8       0
                text13                              E21      E21       28     1C42       0
                text12                              AE4      AE4        4     15C8       0
                text11                              B55      B55        E     16AA       0
                text10                              B10      B10        9     1620       0
                text9                               B90      B90        F     1720       0
                text8                               DFA      DFA       27     1BF4       0
                text7                               C55      C55       1B     18AA       0
                text6                               D8A      D8A       24     1B14       0
                text5                               C05      C05       1A     180A       0
                text4                               B3B      B3B        C     1676       0
                text3                               B00      B00        8     1600       0
                text2                               676      676       6A        8       0
                text1                               F26      F26       32     1E4C       0
                maintext                            798      798       53        8       0
                cstackBANK0                          20       20       49       20       1
                cstackCOMMON                         70       70        C       70       1
                inittext                            AF4      AF4        6     15E8       0
                clrtext                             AFA      AFA        6     15F4       0
                dataBANK3                           1A0      1A0       2F      1A0       1
                bssBANK2                            120      120       2E      120       1
                dataBANK1                            CF       CF        8       A0       1
                bssBANK1                             A0       A0       2F       A0       1
                bssBANK0                             69       69        7       20       1
                bssCOMMON                            7C       7C        1       70       1
                stringtext                         1000     1000        5       20       0
                idataBANK3                          EF7      EF7       2F     1DEE       0
                idataBANK1                          B08      B08        8     1610       0

TOTAL           Name                               Link     Load   Length     Space
        CLASS   STACK          

        CLASS   CODE           
                end_init                             14       14        2         0
                cinit                                16       16       33         0
                intentry                              4        4       10         0
                reset_vec                             0        0        2         0
                text58                              AE8      AE8        6         0
                text56                              E72      E72       2B         0
                text55                              BAF      BAF       11         0
                text54                              C8D      C8D       1E         0
                text53                              C1F      C1F       1B         0
                text52                              B19      B19        B         0
                text51                              B24      B24        B         0
                text50                              E49      E49       29         0
                text49                              3E0      3E0       BC         0
                text48                              B63      B63        F         0
                text47                              B9F      B9F       10         0
                text46                              B2F      B2F        C         0
                text45                              DAE      DAE       26         0
                text44                              B72      B72        F         0
                text43                              BD4      BD4       18         0
                text42                              BEC      BEC       19         0
                text41                              CAB      CAB       1E         0
                text40                              D66      D66       24         0
                text39                              C70      C70       1D         0
                text38                              D44      D44       22         0
                text37                              B47      B47        E         0
                text36                              BC0      BC0       14         0
                text35                              D23      D23       21         0
                text34                              F8C      F8C       39         0
                text33                              EC8      EC8       2F         0
                text32                              6E0      6E0       64         0
                text31                              550      550       A9         0
                text30                              E9D      E9D       2B         0
                text29                              F58      F58       34         0
                text28                              7EB      7EB       14         0
                text27                              C3A      C3A       1B         0
                text26                              FC5      FC5       3B         0
                text25                              49C      49C       B4         0
                text24                              1FA      1FA       F6         0
                text23                              CC9      CC9       1E         0
                text22                              2F0      2F0       F0         0
                text21                               49       49      1B1         0
                text20                              CE7      CE7       1E         0
                text19                              5F9      5F9       7D         0
                text18                              B81      B81        F         0
                text17                              744      744       54         0
                text16                              AEE      AEE        6         0
                text15                              D05      D05       1E         0
                text14                              DD4      DD4       26         0
                text13                              E21      E21       28         0
                text12                              AE4      AE4        4         0
                text11                              B55      B55        E         0
                text10                              B10      B10        9         0
                text9                               B90      B90        F         0
                text8                               DFA      DFA       27         0
                text7                               C55      C55       1B         0
                text6                               D8A      D8A       24         0
                text5                               C05      C05       1A         0
                text4                               B3B      B3B        C         0
                text3                               B00      B00        8         0
                text2                               676      676       6A         0
                text1                               F26      F26       32         0
                maintext                            798      798       53         0
                inittext                            AF4      AF4        6         0
                clrtext                             AFA      AFA        6         0
                idataBANK3                          EF7      EF7       2F         0
                idataBANK1                          B08      B08        8         0

        CLASS   STRCODE        
                stringtext                         1000     1000        5         0

        CLASS   STRING         

        CLASS   CONST          

        CLASS   ENTRY          

        CLASS   COMMON         
                cstackCOMMON                         70       70        C         1
                bssCOMMON                            7C       7C        1         1

        CLASS   BANK0          
                cstackBANK0                          20       20       49         1
                bssBANK0                             69       69        7         1

        CLASS   BANK1          
                dataBANK1                            CF       CF        8         1
                bssBANK1                             A0       A0       2F         1

        CLASS   BANK2          
                bssBANK2                            120      120       2E         1

        CLASS   BANK3          
                dataBANK3                           1A0      1A0       2F         1

        CLASS   BANK4          

        CLASS   BANK5          

        CLASS   BANK6          

        CLASS   BANK7          

        CLASS   BANK8          

        CLASS   BANK9          

        CLASS   BANK10         

        CLASS   BANK11         

        CLASS   BANK12         

        CLASS   BIGRAM         

        CLASS   RAM            

        CLASS   ABS1           
                abs_s1                               7E       7E        2         1

        CLASS   SFR0           

        CLASS   SFR1           

        CLASS   SFR2           

        CLASS   SFR3           

        CLASS   SFR4           

        CLASS   SFR5           

        CLASS   SFR6           

        CLASS   SFR7           

        CLASS   SFR8           

        CLASS   SFR9           

        CLASS   SFR10          

        CLASS   SFR11          

        CLASS   SFR12          

        CLASS   SFR13          

        CLASS   SFR14          

        CLASS   SFR15          

        CLASS   SFR16          

        CLASS   SFR17          

        CLASS   SFR18          

        CLASS   SFR19          

        CLASS   SFR20          

        CLASS   SFR21          

        CLASS   SFR22          

        CLASS   SFR23          

        CLASS   SFR24          

        CLASS   SFR25          

        CLASS   SFR26          

        CLASS   SFR27          

        CLASS   SFR28          

        CLASS   SFR29          

        CLASS   SFR30          

        CLASS   SFR31          

        CLASS   CONFIG         
                config                             8007     8007        2         0

        CLASS   IDLOC          

        CLASS   BANK31         

        CLASS   BANK30         

        CLASS   BANK29         

        CLASS   BANK28         

        CLASS   BANK27         

        CLASS   BANK26         

        CLASS   BANK25         

        CLASS   BANK24         

        CLASS   BANK23         

        CLASS   BANK22         

        CLASS   BANK21         

        CLASS   BANK20         

        CLASS   BANK19         

        CLASS   BANK18         

        CLASS   BANK17         

        CLASS   BANK16         

        CLASS   BANK15         

        CLASS   BANK14         

        CLASS   BANK13         

        CLASS   EEDATA         



SEGMENTS        Name                           Load    Length   Top    Selector   Space  Class     Delta

                reset_vec                      000000  000002  000002         0       0  CODE        2
                intentry                       000004  0007FB  0007FF         8       0  CODE        2
                cstackBANK0                    000020  000050  000070        20       1  BANK0       1
                cstackCOMMON                   000070  00000D  00007D        70       1  COMMON      1
                bssBANK1                       0000A0  000037  0000D7        A0       1  BANK1       1
                bssBANK2                       000120  00002E  00014E       120       1  BANK2       1
                dataBANK3                      0001A0  00002F  0001CF       1A0       1  BANK3       1
                text12                         000AE4  000004  000AE8      15C8       0  CODE        2
                text58                         000AE8  000006  000AEE      15D0       0  CODE        2
                text16                         000AEE  000006  000AF4      15DC       0  CODE        2
                inittext                       000AF4  000006  000AFA      15E8       0  CODE        2
                clrtext                        000AFA  000006  000B00      15F4       0  CODE        2
                text3                          000B00  000008  000B08      1600       0  CODE        2
                idataBANK1                     000B08  000008  000B10      1610       0  CODE        2
                text10                         000B10  000009  000B19      1620       0  CODE        2
                text52                         000B19  00000B  000B24      1632       0  CODE        2
                text51                         000B24  00000B  000B2F      1648       0  CODE        2
                text46                         000B2F  00000C  000B3B      165E       0  CODE        2
                text4                          000B3B  00000C  000B47      1676       0  CODE        2
                text37                         000B47  00000E  000B55      168E       0  CODE        2
                text11                         000B55  00000E  000B63      16AA       0  CODE        2
                text48                         000B63  00000F  000B72      16C6       0  CODE        2
                text44                         000B72  00000F  000B81      16E4       0  CODE        2
                text18                         000B81  00000F  000B90      1702       0  CODE        2
                text9                          000B90  00000F  000B9F      1720       0  CODE        2
                text47                         000B9F  000010  000BAF      173E       0  CODE        2
                text55                         000BAF  000011  000BC0      175E       0  CODE        2
                text36                         000BC0  000014  000BD4      1780       0  CODE        2
                text43                         000BD4  000018  000BEC      17A8       0  CODE        2
                text42                         000BEC  000019  000C05      17D8       0  CODE        2
                text5                          000C05  00001A  000C1F      180A       0  CODE        2
                text53                         000C1F  00001B  000C3A      183E       0  CODE        2
                text27                         000C3A  00001B  000C55      1874       0  CODE        2
                text7                          000C55  00001B  000C70      18AA       0  CODE        2
                text39                         000C70  00001D  000C8D      18E0       0  CODE        2
                text54                         000C8D  00001E  000CAB      191A       0  CODE        2
                text41                         000CAB  00001E  000CC9      1956       0  CODE        2
                text23                         000CC9  00001E  000CE7      1992       0  CODE        2
                text20                         000CE7  00001E  000D05      19CE       0  CODE        2
                text15                         000D05  00001E  000D23      1A0A       0  CODE        2
                text35                         000D23  000021  000D44      1A46       0  CODE        2
                text38                         000D44  000022  000D66      1A88       0  CODE        2
                text40                         000D66  000024  000D8A      1ACC       0  CODE        2
                text6                          000D8A  000024  000DAE      1B14       0  CODE        2
                text45                         000DAE  000026  000DD4      1B5C       0  CODE        2
                text14                         000DD4  000026  000DFA      1BA8       0  CODE        2
                text8                          000DFA  000027  000E21      1BF4       0  CODE        2
                text13                         000E21  000028  000E49      1C42       0  CODE        2
                text50                         000E49  000029  000E72      1C92       0  CODE        2
                text56                         000E72  00002B  000E9D      1CE4       0  CODE        2
                text30                         000E9D  00002B  000EC8      1D3A       0  CODE        2
                text33                         000EC8  00002F  000EF7      1D90       0  CODE        2
                idataBANK3                     000EF7  00002F  000F26      1DEE       0  CODE        2
                text1                          000F26  000032  000F58      1E4C       0  CODE        2
                text29                         000F58  000034  000F8C      1EB0       0  CODE        2
                text34                         000F8C  000039  000FC5      1F18       0  CODE        2
                text26                         000FC5  00003B  001000      1F8A       0  CODE        2
                stringtext                     001000  000005  001005        20       0  STRCODE     2
                config                         008007  000002  008009     1000E       0  CONFIG      2


UNUSED ADDRESS RANGES

        Name                Unused          Largest block    Delta
        BANK1            000D7-000EF              19           1
        BANK10           00520-0056F              50           1
        BANK11           005A0-005EF              50           1
        BANK12           00620-0064F              30           1
        BANK2            0014E-0016F              22           1
        BANK3            001CF-001EF              21           1
        BANK4            00220-0026F              50           1
        BANK5            002A0-002EF              50           1
        BANK6            00320-0036F              50           1
        BANK7            003A0-003EF              50           1
        BANK8            00420-0046F              50           1
        BANK9            004A0-004EF              50           1
        BIGRAM           02000-023EF             3F0           1
        CODE             00002-00003               2           2
                         007FF-00AE3               1
                         01005-03FFF             800
        COMMON           0007D-0007D               1           1
        CONST            00002-00003               2           2
                         007FF-00AE3             100
                         01005-03FFF             100
        ENTRY            00002-00003               2           2
                         007FF-00AE3             100
                         01005-03FFF             100
        IDLOC            08000-08003               4           2
        RAM              000D7-000EF              19           1
                         0014E-0016F              22
                         001CF-001EF              21
                         00220-0026F              50
                         002A0-002EF              50
                         00320-0036F              50
                         003A0-003EF              50
                         00420-0046F              50
                         004A0-004EF              50
                         00520-0056F              50
                         005A0-005EF              50
                         00620-0064F              30
        SFR0             00000-0001F              20           1
        SFR1             00080-0009F              20           1
        SFR10            00500-0051F              20           1
        SFR11            00580-0059F              20           1
        SFR12            00600-0061F              20           1
        SFR13            00680-006EF              70           1
        SFR14            00700-0076F              70           1
        SFR15            00780-007EF              70           1
        SFR16            00800-0086F              70           1
        SFR17            00880-008EF              70           1
        SFR18            00900-0096F              70           1
        SFR19            00980-009EF              70           1
        SFR2             00100-0011F              20           1
        SFR20            00A00-00A6F              70           1
        SFR21            00A80-00AEF              70           1
        SFR22            00B00-00B6F              70           1
        SFR23            00B80-00BEF              70           1
        SFR24            00C00-00C6F              70           1
        SFR25            00C80-00CEF              70           1
        SFR26            00D00-00D6F              70           1
        SFR27            00D80-00DEF              70           1
        SFR28            00E00-00E6F              70           1
        SFR29            00E80-00EEF              70           1
        SFR3             00180-0019F              20           1
        SFR30            00F00-00F6F              70           1
        SFR31            00F80-00FEF              70           1
        SFR4             00200-0021F              20           1
        SFR5             00280-0029F              20           1
        SFR6             00300-0031F              20           1
        SFR7             00380-0039F              20           1
        SFR8             00400-0041F              20           1
        SFR9             00480-0049F              20           1
        STACK            0211F-023EF             2D1           1
        STRCODE          00002-00003               2           2
                         007FF-00AE3             2E5
                         01005-03FFF            2FFB
        STRING           00002-00003               2           2
                         007FF-00AE3             100
                         01005-03FFF             100

                                  Symbol Table

?___ftadd                  cstackBANK0  00020
?___ftdiv                  cstackBANK0  00034
?___ftmul                  cstackBANK0  00024
?___ftpack                 cstackCOMMON 00071
?___ftsub                  cstackBANK0  0002A
?___lltoft                 cstackBANK0  00020
?___lwdiv                  cstackCOMMON 00071
?___lwtoft                 cstackCOMMON 00079
?___wmul                   cstackCOMMON 00071
?_sqrt                     cstackBANK0  00034
ADCConv@cntSum             cstackBANK0  0005E
ADCConv@sumBatt            cstackBANK0  0005C
ADCConv@sumCurr            cstackBANK0  00058
ADCInit@state              cstackCOMMON 00072
CC1Init@state              cstackBANK0  00024
CC1Read@addr               cstackBANK0  00021
CC1Read@cc1Addr            cstackBANK0  00022
CC1Read@dst                cstackCOMMON 00079
CC1Read@len                cstackCOMMON 0007B
CC1Strobe@cc1Stb           cstackCOMMON 00079
CC1Strobe@e_stb            cstackCOMMON 00078
CC1Write@addr              cstackBANK0  00020
CC1Write@cc1Addr           cstackBANK0  00021
CC1Write@len               cstackCOMMON 00079
CC1Write@src               cstackCOMMON 00077
DINInit@sta                cstackCOMMON 00071
DLYDelay_ms@i              cstackCOMMON 00075
DLYDelay_ms@val            cstackCOMMON 00071
INInit@sta                 cstackCOMMON 00072
LEDFastFlash@i             cstackCOMMON 00079
LEDFastFlash@num           cstackCOMMON 00078
LEDInit@sta                cstackCOMMON 00071
LEDNormalFlash@i           cstackCOMMON 00079
LEDNormalFlash@num         cstackCOMMON 00078
NVMInit@sta                cstackCOMMON 00071
NVMRead@addr               cstackCOMMON 00071
NVMRead@dest               cstackCOMMON 00073
NVMRead@i                  cstackCOMMON 00077
NVMRead@len                cstackCOMMON 00074
NVMWrite@addr              cstackCOMMON 00071
NVMWrite@bufTmpRow         cstackBANK0  00020
NVMWrite@i                 cstackBANK0  00062
NVMWrite@j                 cstackBANK0  00064
NVMWrite@latchAddr         cstackBANK0  00063
NVMWrite@len               cstackCOMMON 00074
NVMWrite@rowAddr           cstackBANK0  00060
NVMWrite@source            cstackCOMMON 00073
OUTInit@sta                cstackCOMMON 00072
PGMInit@state              cstackCOMMON 0007B
RTXInit@state              cstackBANK0  0005F
RTXRcvPkt@dst              cstackBANK0  00025
RTXRcvPkt@len              cstackBANK0  00023
RTXReadPkt@numRxByte       cstackBANK0  00066
RTXSendData@valBatt        cstackBANK0  0002C
RTXSendData@valTemp        cstackBANK0  00029
RTXSndPkt@len              cstackBANK0  00023
RTXSndPkt@numRxByte        cstackBANK0  00025
RTXSndPkt@numTxByte        cstackBANK0  00027
RTXSndPkt@src              cstackBANK0  00026
SLPSleep@ADCON0Tmp         cstackBANK0  00026
SLPSleep@FVRCONTmp         cstackBANK0  00025
SLPSleep@INTCONTmp         cstackBANK0  00021
SLPSleep@IOCBNTmp          cstackBANK0  00020
SLPSleep@OPTION_REGTmp     cstackBANK0  00024
SLPSleep@TESTBATTtmp       cstackBANK0  00027
SLPSleep@WDTCONTmp         cstackBANK0  00023
SLPSleep@WPUBTmp           cstackBANK0  00022
SPIInit@state              cstackCOMMON 00072
SPIRead@dstPtr             cstackCOMMON 00071
SPIRead@i                  cstackCOMMON 00078
SPIRead@len                cstackCOMMON 00073
SPIWrite@i                 cstackCOMMON 00076
SPIWrite@len               cstackCOMMON 00073
SPIWrite@srcPtr            cstackCOMMON 00071
SYSInit@state              cstackCOMMON 00072
_ADCConv                   text21       00049
_ADCConv$1407              cstackBANK0  00055
_ADCInit                   text56       00E72
_ADCON0                    (abs)        0009D
_ADCON0bits                (abs)        0009D
_ADCON1                    (abs)        0009E
_ADRESH                    (abs)        0009C
_ADRESL                    (abs)        0009B
_ANSELA                    (abs)        0018C
_ANSELB                    (abs)        0018D
_ANSELC                    (abs)        0018E
_CC1Init                   text7        00C55
_CC1LoadREG                text8        00DFA
_CC1Read                   text38       00D44
_CC1Sleep                  text3        00B00
_CC1Strobe                 text36       00BC0
_CC1Write                  text35       00D23
_DINInit                   text55       00BAF
_DINTask                   text54       00C8D
_DINTick                   text13       00E21
_DLYDelay_ms               text42       00BEC
_FVRCON                    (abs)        00117
_INInit                    text53       00C1F
_INTCON                    (abs)        0000B
_INTCONbits                (abs)        0000B
_INTIsr                    intentry     00004
_IOCBFbits                 (abs)        00396
_IOCBN                     (abs)        00395
_IOCBP                     (abs)        00394
_LATAbits                  (abs)        0010C
_LATCbits                  (abs)        0010E
_LEDFastFlash              text20       00CE7
_LEDInit                   text52       00B19
_LEDNormalFlash            text41       00CAB
_NVMInit                   text51       00B24
_NVMRead                   text45       00DAE
_NVMWrite                  text49       003E0
_OPTION_REG                (abs)        00095
_OSCCON                    (abs)        00099
_OUTInit                   text50       00E49
_PGMCheckNvm               text46       00B2F
_PGMInit                   text43       00BD4
_PGMNvmReset               text47       00B9F
_PGMPgmOff                 text12       00AE4
_PGMReadNvm                text44       00B72
_PGMSelDown                text11       00B55
_PGMSelLong                text10       00B10
_PGMTick                   text9        00B90
_PGMWriteNvm               text48       00B63
_PIE1                      (abs)        00091
_PIE2                      (abs)        00092
_PIR1                      (abs)        00011
_PIR1bits                  (abs)        00011
_PIR2                      (abs)        00012
_PMADR                     (abs)        00191
_PMCON1                    (abs)        00195
_PMCON1bits                (abs)        00195
_PMCON2                    (abs)        00196
_PMDAT                     (abs)        00193
_PORTA                     (abs)        0000C
_PORTBbits                 (abs)        0000D
_PORTC                     (abs)        0000E
_RTXAwake                  text5        00C05
_RTXInit                   text6        00D8A
_RTXRcvPkt                 text37       00B47
_RTXReadPkt                text17       00744
_RTXSendData               text19       005F9
_RTXSendRPgm               text33       00EC8
_RTXSndPkt                 text34       00F8C
_RTXStartSendData          text18       00B81
_RTXTask                   text16       00AEE
_RTXTick                   text4        00B3B
_SLPSleep                  text2        00676
_SPIInit                   text15       00D05
_SPIRead                   text40       00D66
_SPIWrite                  text39       00C70
_SSPBUF                    (abs)        00211
_SSPCON1                   (abs)        00215
_SSPCON2                   (abs)        00216
_SSPCONbits                (abs)        00215
_SSPSTAT                   (abs)        00214
_SYSInit                   text14       00DD4
_SYSInt                    text58       00AE8
_SYSTask                   text1        00F26
_T1CON                     (abs)        00018
_TMR0                      (abs)        00015
_TRISA                     (abs)        0008C
_TRISB                     (abs)        0008D
_TRISC                     (abs)        0008E
_WDTCON                    (abs)        00097
_WPUB                      (abs)        0020D
__CFG_BOREN$ON             (abs)        00000
__CFG_BORV$LO              (abs)        00000
__CFG_CLKOUTEN$OFF         (abs)        00000
__CFG_CP$ON                (abs)        00000
__CFG_FCMEN$ON             (abs)        00000
__CFG_FOSC$INTOSC          (abs)        00000
__CFG_IESO$OFF             (abs)        00000
__CFG_LPBOR$ON             (abs)        00000
__CFG_LVP$OFF              (abs)        00000
__CFG_MCLRE$OFF            (abs)        00000
__CFG_PWRTE$ON             (abs)        00000
__CFG_STVREN$ON            (abs)        00000
__CFG_VCAPEN$OFF           (abs)        00000
__CFG_WDTE$ON              (abs)        00000
__CFG_WRT$OFF              (abs)        00000
__Habs1                    abs1         00000
__Hbank0                   bank0        00000
__Hbank1                   bank1        00000
__Hbank10                  bank10       00000
__Hbank11                  bank11       00000
__Hbank12                  bank12       00000
__Hbank13                  bank13       00000
__Hbank14                  bank14       00000
__Hbank15                  bank15       00000
__Hbank16                  bank16       00000
__Hbank17                  bank17       00000
__Hbank18                  bank18       00000
__Hbank19                  bank19       00000
__Hbank2                   bank2        00000
__Hbank20                  bank20       00000
__Hbank21                  bank21       00000
__Hbank22                  bank22       00000
__Hbank23                  bank23       00000
__Hbank24                  bank24       00000
__Hbank25                  bank25       00000
__Hbank26                  bank26       00000
__Hbank27                  bank27       00000
__Hbank28                  bank28       00000
__Hbank29                  bank29       00000
__Hbank3                   bank3        00000
__Hbank30                  bank30       00000
__Hbank31                  bank31       00000
__Hbank4                   bank4        00000
__Hbank5                   bank5        00000
__Hbank6                   bank6        00000
__Hbank7                   bank7        00000
__Hbank8                   bank8        00000
__Hbank9                   bank9        00000
__Hbigram                  bigram       00000
__HbssBANK0                bssBANK0     00000
__HbssBANK1                bssBANK1     00000
__HbssBANK2                bssBANK2     00000
__HbssCOMMON               bssCOMMON    00000
__Hcinit                   cinit        00049
__Hclrtext                 clrtext      00000
__Hcode                    code         00000
__Hcommon                  common       00000
__Hconfig                  config       08009
__HcstackBANK0             cstackBANK0  00000
__HcstackCOMMON            cstackCOMMON 00000
__HdataBANK1               dataBANK1    00000
__HdataBANK3               dataBANK3    00000
__Heeprom_data             eeprom_data  00000
__Hend_init                end_init     00016
__Hfunctab                 functab      00000
__HidataBANK1              idataBANK1   00000
__HidataBANK3              idataBANK3   00000
__Hidloc                   idloc        00000
__Hinit                    init         00014
__Hinittext                inittext     00000
__Hintentry                intentry     00014
__Hmaintext                maintext     00000
__Hpowerup                 powerup      00000
__Hram                     ram          00000
__Hreset_vec               reset_vec    00002
__Hsfr0                    sfr0         00000
__Hsfr1                    sfr1         00000
__Hsfr10                   sfr10        00000
__Hsfr11                   sfr11        00000
__Hsfr12                   sfr12        00000
__Hsfr13                   sfr13        00000
__Hsfr14                   sfr14        00000
__Hsfr15                   sfr15        00000
__Hsfr16                   sfr16        00000
__Hsfr17                   sfr17        00000
__Hsfr18                   sfr18        00000
__Hsfr19                   sfr19        00000
__Hsfr2                    sfr2         00000
__Hsfr20                   sfr20        00000
__Hsfr21                   sfr21        00000
__Hsfr22                   sfr22        00000
__Hsfr23                   sfr23        00000
__Hsfr24                   sfr24        00000
__Hsfr25                   sfr25        00000
__Hsfr26                   sfr26        00000
__Hsfr27                   sfr27        00000
__Hsfr28                   sfr28        00000
__Hsfr29                   sfr29        00000
__Hsfr3                    sfr3         00000
__Hsfr30                   sfr30        00000
__Hsfr31                   sfr31        00000
__Hsfr4                    sfr4         00000
__Hsfr5                    sfr5         00000
__Hsfr6                    sfr6         00000
__Hsfr7                    sfr7         00000
__Hsfr8                    sfr8         00000
__Hsfr9                    sfr9         00000
__Hspace_0                 (abs)        08009
__Hspace_1                 (abs)        001CF
__Hspace_2                 (abs)        00000
__Hspace_3                 (abs)        00000
__Hstack                   stack        00000
__Hstrings                 strings      00000
__Hstringtext              stringtext   00000
__Htext                    text         00000
__Labs1                    abs1         00000
__Lbank0                   bank0        00000
__Lbank1                   bank1        00000
__Lbank10                  bank10       00000
__Lbank11                  bank11       00000
__Lbank12                  bank12       00000
__Lbank13                  bank13       00000
__Lbank14                  bank14       00000
__Lbank15                  bank15       00000
__Lbank16                  bank16       00000
__Lbank17                  bank17       00000
__Lbank18                  bank18       00000
__Lbank19                  bank19       00000
__Lbank2                   bank2        00000
__Lbank20                  bank20       00000
__Lbank21                  bank21       00000
__Lbank22                  bank22       00000
__Lbank23                  bank23       00000
__Lbank24                  bank24       00000
__Lbank25                  bank25       00000
__Lbank26                  bank26       00000
__Lbank27                  bank27       00000
__Lbank28                  bank28       00000
__Lbank29                  bank29       00000
__Lbank3                   bank3        00000
__Lbank30                  bank30       00000
__Lbank31                  bank31       00000
__Lbank4                   bank4        00000
__Lbank5                   bank5        00000
__Lbank6                   bank6        00000
__Lbank7                   bank7        00000
__Lbank8                   bank8        00000
__Lbank9                   bank9        00000
__Lbigram                  bigram       00000
__LbssBANK0                bssBANK0     00000
__LbssBANK1                bssBANK1     00000
__LbssBANK2                bssBANK2     00000
__LbssCOMMON               bssCOMMON    00000
__Lcinit                   cinit        00016
__Lclrtext                 clrtext      00000
__Lcode                    code         00000
__Lcommon                  common       00000
__Lconfig                  config       08007
__LcstackBANK0             cstackBANK0  00000
__LcstackCOMMON            cstackCOMMON 00000
__LdataBANK1               dataBANK1    00000
__LdataBANK3               dataBANK3    00000
__Leeprom_data             eeprom_data  00000
__Lend_init                end_init     00014
__Lfunctab                 functab      00000
__LidataBANK1              idataBANK1   00000
__LidataBANK3              idataBANK3   00000
__Lidloc                   idloc        00000
__Linit                    init         00014
__Linittext                inittext     00000
__Lintentry                intentry     00004
__Lmaintext                maintext     00000
__Lpowerup                 powerup      00000
__Lram                     ram          00000
__Lreset_vec               reset_vec    00000
__Lsfr0                    sfr0         00000
__Lsfr1                    sfr1         00000
__Lsfr10                   sfr10        00000
__Lsfr11                   sfr11        00000
__Lsfr12                   sfr12        00000
__Lsfr13                   sfr13        00000
__Lsfr14                   sfr14        00000
__Lsfr15                   sfr15        00000
__Lsfr16                   sfr16        00000
__Lsfr17                   sfr17        00000
__Lsfr18                   sfr18        00000
__Lsfr19                   sfr19        00000
__Lsfr2                    sfr2         00000
__Lsfr20                   sfr20        00000
__Lsfr21                   sfr21        00000
__Lsfr22                   sfr22        00000
__Lsfr23                   sfr23        00000
__Lsfr24                   sfr24        00000
__Lsfr25                   sfr25        00000
__Lsfr26                   sfr26        00000
__Lsfr27                   sfr27        00000
__Lsfr28                   sfr28        00000
__Lsfr29                   sfr29        00000
__Lsfr3                    sfr3         00000
__Lsfr30                   sfr30        00000
__Lsfr31                   sfr31        00000
__Lsfr4                    sfr4         00000
__Lsfr5                    sfr5         00000
__Lsfr6                    sfr6         00000
__Lsfr7                    sfr7         00000
__Lsfr8                    sfr8         00000
__Lsfr9                    sfr9         00000
__Lspace_0                 (abs)        00000
__Lspace_1                 (abs)        00000
__Lspace_2                 (abs)        00000
__Lspace_3                 (abs)        00000
__Lstack                   stack        00000
__Lstrings                 strings      00000
__Lstringtext              stringtext   00000
__Ltext                    text         00000
__S0                       (abs)        08009
__S1                       (abs)        001CF
__S2                       (abs)        00000
___ftadd                   text24       001FA
___ftadd@exp1              cstackCOMMON 0007B
___ftadd@exp2              cstackCOMMON 0007A
___ftadd@f1                cstackBANK0  00020
___ftadd@f2                cstackBANK0  00023
___ftadd@sign              cstackCOMMON 00079
___ftdiv                   text31       00550
___ftdiv@cntr              cstackBANK0  0003E
___ftdiv@exp               cstackBANK0  00042
___ftdiv@f1                cstackBANK0  00037
___ftdiv@f2                cstackBANK0  00034
___ftdiv@f3                cstackBANK0  0003F
___ftdiv@sign              cstackBANK0  00043
___ftge                    text26       00FC5
___ftge@ff1                cstackCOMMON 00071
___ftge@ff2                cstackCOMMON 00074
___ftmul                   text25       0049C
___ftmul@cntr              cstackBANK0  00032
___ftmul@exp               cstackBANK0  0002E
___ftmul@f1                cstackBANK0  00024
___ftmul@f2                cstackBANK0  00027
___ftmul@f3_as_product     cstackBANK0  0002F
___ftmul@sign              cstackBANK0  00033
___ftpack                  text32       006E0
___ftpack@arg              cstackCOMMON 00071
___ftpack@exp              cstackCOMMON 00074
___ftpack@sign             cstackCOMMON 00075
___ftsub                   text23       00CC9
___ftsub@f1                cstackBANK0  0002D
___ftsub@f2                cstackBANK0  0002A
___int_sp                  stack        00000
___latbits                 (abs)        00003
___lltoft                  text30       00E9D
___lltoft@c                cstackBANK0  00020
___lltoft@exp              cstackCOMMON 0007A
___lwdiv                   text29       00F58
___lwdiv@counter           cstackCOMMON 00078
___lwdiv@dividend          cstackCOMMON 00073
___lwdiv@divisor           cstackCOMMON 00071
___lwdiv@quotient          cstackCOMMON 00076
___lwtoft                  text28       007EB
___lwtoft@c                cstackCOMMON 00079
___sp                      stack        00000
___wmul                    text27       00C3A
___wmul@multiplicand       cstackCOMMON 00073
___wmul@multiplier         cstackCOMMON 00071
___wmul@product            cstackCOMMON 00075
__end_of_ADCConv           text21       001FA
__end_of_ADCInit           text56       00E9D
__end_of_CC1Init           text7        00C70
__end_of_CC1LoadREG        text8        00E21
__end_of_CC1Read           text38       00D66
__end_of_CC1Sleep          text3        00B08
__end_of_CC1Strobe         text36       00BD4
__end_of_CC1Write          text35       00D44
__end_of_DINInit           text55       00BC0
__end_of_DINTask           text54       00CAB
__end_of_DINTick           text13       00E49
__end_of_DLYDelay_ms       text42       00C05
__end_of_INInit            text53       00C3A
__end_of_INTIsr            intentry     00014
__end_of_LEDFastFlash      text20       00D05
__end_of_LEDInit           text52       00B24
__end_of_LEDNormalFlash    text41       00CC9
__end_of_NVMInit           text51       00B2F
__end_of_NVMRead           text45       00DD4
__end_of_NVMWrite          text49       0049C
__end_of_OUTInit           text50       00E72
__end_of_PGMCheckNvm       text46       00B3B
__end_of_PGMInit           text43       00BEC
__end_of_PGMNvmReset       text47       00BAF
__end_of_PGMPgmOff         text12       00AE8
__end_of_PGMReadNvm        text44       00B81
__end_of_PGMSelDown        text11       00B63
__end_of_PGMSelLong        text10       00B19
__end_of_PGMTick           text9        00B9F
__end_of_PGMWriteNvm       text48       00B72
__end_of_RTXAwake          text5        00C1F
__end_of_RTXInit           text6        00DAE
__end_of_RTXRcvPkt         text37       00B55
__end_of_RTXReadPkt        text17       00798
__end_of_RTXSendData       text19       00676
__end_of_RTXSendRPgm       text33       00EF7
__end_of_RTXSndPkt         text34       00FC5
__end_of_RTXStartSendData  text18       00B90
__end_of_RTXTask           text16       00AF4
__end_of_RTXTick           text4        00B47
__end_of_SLPSleep          text2        006E0
__end_of_SPIInit           text15       00D23
__end_of_SPIRead           text40       00D8A
__end_of_SPIWrite          text39       00C8D
__end_of_SYSInit           text14       00DFA
__end_of_SYSInt            text58       00AEE
__end_of_SYSTask           text1        00F58
__end_of___ftadd           text24       002F0
__end_of___ftdiv           text31       005F9
__end_of___ftge            text26       01000
__end_of___ftmul           text25       00550
__end_of___ftpack          text32       00744
__end_of___ftsub           text23       00CE7
__end_of___lltoft          text30       00EC8
__end_of___lwdiv           text29       00F8C
__end_of___lwtoft          text28       007FF
__end_of___wmul            text27       00C55
__end_of__initialization   cinit        00046
__end_of_main              maintext     007EB
__end_of_nvm_pgm_cfg       stringtext   01005
__end_of_sqrt              text22       003E0
__initialization           cinit        00016
__pbssBANK0                bssBANK0     00069
__pbssBANK1                bssBANK1     000A0
__pbssBANK2                bssBANK2     00120
__pbssCOMMON               bssCOMMON    0007C
__pcstackBANK0             cstackBANK0  00020
__pcstackCOMMON            cstackCOMMON 00070
__pdataBANK1               dataBANK1    000CF
__pdataBANK3               dataBANK3    001A0
__pidataBANK1              idataBANK1   00B08
__pidataBANK3              idataBANK3   00EF7
__pintentry                intentry     00004
__pmaintext                maintext     00798
__pstringtext              stringtext   01000
__ptext1                   text1        00F26
__ptext10                  text10       00B10
__ptext11                  text11       00B55
__ptext12                  text12       00AE4
__ptext13                  text13       00E21
__ptext14                  text14       00DD4
__ptext15                  text15       00D05
__ptext16                  text16       00AEE
__ptext17                  text17       00744
__ptext18                  text18       00B81
__ptext19                  text19       005F9
__ptext2                   text2        00676
__ptext20                  text20       00CE7
__ptext21                  text21       00049
__ptext22                  text22       002F0
__ptext23                  text23       00CC9
__ptext24                  text24       001FA
__ptext25                  text25       0049C
__ptext26                  text26       00FC5
__ptext27                  text27       00C3A
__ptext28                  text28       007EB
__ptext29                  text29       00F58
__ptext3                   text3        00B00
__ptext30                  text30       00E9D
__ptext31                  text31       00550
__ptext32                  text32       006E0
__ptext33                  text33       00EC8
__ptext34                  text34       00F8C
__ptext35                  text35       00D23
__ptext36                  text36       00BC0
__ptext37                  text37       00B47
__ptext38                  text38       00D44
__ptext39                  text39       00C70
__ptext4                   text4        00B3B
__ptext40                  text40       00D66
__ptext41                  text41       00CAB
__ptext42                  text42       00BEC
__ptext43                  text43       00BD4
__ptext44                  text44       00B72
__ptext45                  text45       00DAE
__ptext46                  text46       00B2F
__ptext47                  text47       00B9F
__ptext48                  text48       00B63
__ptext49                  text49       003E0
__ptext5                   text5        00C05
__ptext50                  text50       00E49
__ptext51                  text51       00B24
__ptext52                  text52       00B19
__ptext53                  text53       00C1F
__ptext54                  text54       00C8D
__ptext55                  text55       00BAF
__ptext56                  text56       00E72
__ptext58                  text58       00AE8
__ptext6                   text6        00D8A
__ptext7                   text7        00C55
__ptext8                   text8        00DFA
__ptext9                   text9        00B90
__size_of_ADCConv          (abs)        00000
__size_of_ADCInit          (abs)        00000
__size_of_CC1Init          (abs)        00000
__size_of_CC1LoadREG       (abs)        00000
__size_of_CC1Read          (abs)        00000
__size_of_CC1Sleep         (abs)        00000
__size_of_CC1Strobe        (abs)        00000
__size_of_CC1Write         (abs)        00000
__size_of_DINInit          (abs)        00000
__size_of_DINTask          (abs)        00000
__size_of_DINTick          (abs)        00000
__size_of_DLYDelay_ms      (abs)        00000
__size_of_INInit           (abs)        00000
__size_of_INTIsr           (abs)        00000
__size_of_LEDFastFlash     (abs)        00000
__size_of_LEDInit          (abs)        00000
__size_of_LEDNormalFlash   (abs)        00000
__size_of_NVMInit          (abs)        00000
__size_of_NVMRead          (abs)        00000
__size_of_NVMWrite         (abs)        00000
__size_of_OUTInit          (abs)        00000
__size_of_PGMCheckNvm      (abs)        00000
__size_of_PGMInit          (abs)        00000
__size_of_PGMNvmReset      (abs)        00000
__size_of_PGMPgmOff        (abs)        00000
__size_of_PGMReadNvm       (abs)        00000
__size_of_PGMSelDown       (abs)        00000
__size_of_PGMSelLong       (abs)        00000
__size_of_PGMTick          (abs)        00000
__size_of_PGMWriteNvm      (abs)        00000
__size_of_RTXAwake         (abs)        00000
__size_of_RTXInit          (abs)        00000
__size_of_RTXRcvPkt        (abs)        00000
__size_of_RTXReadPkt       (abs)        00000
__size_of_RTXSendData      (abs)        00000
__size_of_RTXSendRPgm      (abs)        00000
__size_of_RTXSndPkt        (abs)        00000
__size_of_RTXStartSendData (abs)        00000
__size_of_RTXTask          (abs)        00000
__size_of_RTXTick          (abs)        00000
__size_of_SLPSleep         (abs)        00000
__size_of_SPIInit          (abs)        00000
__size_of_SPIRead          (abs)        00000
__size_of_SPIWrite         (abs)        00000
__size_of_SYSInit          (abs)        00000
__size_of_SYSInt           (abs)        00000
__size_of_SYSTask          (abs)        00000
__size_of___ftadd          (abs)        00000
__size_of___ftdiv          (abs)        00000
__size_of___ftge           (abs)        00000
__size_of___ftmul          (abs)        00000
__size_of___ftpack         (abs)        00000
__size_of___ftsub          (abs)        00000
__size_of___lltoft         (abs)        00000
__size_of___lwdiv          (abs)        00000
__size_of___lwtoft         (abs)        00000
__size_of___wmul           (abs)        00000
__size_of_main             (abs)        00000
__size_of_sqrt             (abs)        00000
_adc_ch                    bssBANK0     00069
_batt                      bssBANK1     000A6
_battV                     bssBANK1     000A0
_cc1InitVal                dataBANK3    001A0
_cc1InitVal_tmp            bssBANK2     00120
_cc1PaTable                dataBANK1    000CF
_cntSndData                bssBANK1     000AC
_errno                     bssBANK1     000A8
_flg_slp                   bssBANK0     0006A
_main                      maintext     00798
_nvm_pgm_cfg               stringtext   01000
_pgm_cfg                   bssBANK1     000CA
_pgm_flg                   bssBANK0     0006B
_pktRx                     bssBANK1     000B6
_pktTx                     bssBANK1     000C0
_rmsCurr                   bssBANK1     000A3
_rtx_flg                   bssBANK1     000AE
_sqrt                      text22       002F0
_tmrDbncSel                bssBANK1     000B1
_tmrLongSel                bssBANK1     000AA
_tmrPgm                    bssBANK0     0006C
_tmrRcvPkt                 bssBANK0     0006D
_u_SYS_STA                 bssBANK1     000B2
_u_flg_din                 bssBANK0     0006E
_u_in_ev_down              bssBANK1     000B3
_u_in_ev_long              bssBANK1     000B4
_u_in_ev_up                bssBANK1     000B5
_u_in_sta_currTask         bssCOMMON    0007C
_u_in_sta_tmpTask          bssBANK0     0006F
btemp                      (abs)        0007E
clear_ram0                 clrtext      00AFA
end_of_initialization      cinit        00046
init_ram                   inittext     00AF4
intlevel0                  functab      00000
intlevel1                  functab      00000
intlevel2                  functab      00000
intlevel3                  functab      00000
intlevel4                  functab      00000
intlevel5                  functab      00000
ltemp                      (abs)        0007E
ltemp0                     (abs)        0007E
ltemp1                     (abs)        00082
ltemp2                     (abs)        00086
ltemp3                     (abs)        00080
main@i                     cstackBANK0  00068
reset_vec                  reset_vec    00000
sqrt@i                     cstackBANK0  00040
sqrt@og                    cstackBANK0  0003A
sqrt@q                     cstackBANK0  00041
sqrt@x                     cstackBANK0  00044
sqrt@y                     cstackBANK0  00034
sqrt@z                     cstackBANK0  0003D
stackhi                    (abs)        023EF
stacklo                    (abs)        0211F
start                      init         00014
start_initialization       cinit        00016
ttemp                      (abs)        0007E
ttemp0                     (abs)        0007E
ttemp1                     (abs)        00081
ttemp2                     (abs)        00084
ttemp3                     (abs)        00087
ttemp4                     (abs)        0007F
wtemp                      (abs)        0007E
wtemp0                     (abs)        0007E
wtemp1                     (abs)        00080
wtemp2                     (abs)        00082
wtemp3                     (abs)        00084
wtemp4                     (abs)        00086
wtemp5                     (abs)        00088
wtemp6                     (abs)        0007F


FUNCTION INFORMATION:

 *************** function _main *****************
 Defined at:
		line 54 in file "Sensore.c"
 Parameters:    Size  Location     Type
		None
 Auto vars:     Size  Location     Type
  i               1   72[BANK0 ] unsigned char 
 Return value:  Size  Location     Type
		None               void
 Registers used:
		wreg, fsr0l, fsr0h, fsr1l, fsr1h, status,2, status,0, pclath, cstack
 Tracked objects:
		On entry : 
		On exit  : 
		Unchanged: 
 Data sizes:     COMMON   BANK0   BANK1   BANK2   BANK3   BANK4   BANK5   BANK6   BANK7   BANK8   BANK9  BANK10  BANK11  BANK12
      Params:         0       0       0       0       0       0       0       0       0       0       0       0       0       0
      Locals:         0       1       0       0       0       0       0       0       0       0       0       0       0       0
      Temps:          0       1       0       0       0       0       0       0       0       0       0       0       0       0
      Totals:         0       2       0       0       0       0       0       0       0       0       0       0       0       0
Total ram usage:        2 bytes
 Hardware stack levels required when called:   11
 This function calls:
		_ADCInit
		_CC1Init
		_DINInit
		_DINTask
		_INInit
		_LEDInit
		_NVMInit
		_OUTInit
		_PGMInit
		_RTXInit
		_RTXTask
		_SPIInit
		_SYSInit
		_SYSTask
 This function is called by:
		Startup code after reset
 This function uses a non-reentrant model


 *************** function _SYSTask *****************
 Defined at:
		line 44 in file "SYS.c"
 Parameters:    Size  Location     Type
		None
 Auto vars:     Size  Location     Type
		None
 Return value:  Size  Location     Type
		None               void
 Registers used:
		wreg, fsr0l, fsr0h, fsr1l, fsr1h, status,2, status,0, pclath, cstack
 Tracked objects:
		On entry : 
		On exit  : 
		Unchanged: 
 Data sizes:     COMMON   BANK0   BANK1   BANK2   BANK3   BANK4   BANK5   BANK6   BANK7   BANK8   BANK9  BANK10  BANK11  BANK12
      Params:         0       0       0       0       0       0       0       0       0       0       0       0       0       0
      Locals:         0       0       0       0       0       0       0       0       0       0       0       0       0       0
      Temps:          0       0       0       0       0       0       0       0       0       0       0       0       0       0
      Totals:         0       0       0       0       0       0       0       0       0       0       0       0       0       0
Total ram usage:        0 bytes
 Hardware stack levels used:    1
 Hardware stack levels required when called:   10
 This function calls:
		_DINTick
		_PGMPgmOff
		_PGMSelDown
		_PGMSelLong
		_PGMTick
		_RTXAwake
		_RTXTick
		_SLPSleep
 This function is called by:
		_main
 This function uses a non-reentrant model


 *************** function _SLPSleep *****************
 Defined at:
		line 6 in file "SLP.c"
 Parameters:    Size  Location     Type
		None
 Auto vars:     Size  Location     Type
  TESTBATTtmp     1    7[BANK0 ] unsigned char 
  ADCON0Tmp       1    6[BANK0 ] unsigned char 
  FVRCONTmp       1    5[BANK0 ] unsigned char 
  OPTION_REGTm    1    4[BANK0 ] unsigned char 
  WDTCONTmp       1    3[BANK0 ] unsigned char 
  WPUBTmp         1    2[BANK0 ] unsigned char 
  INTCONTmp       1    1[BANK0 ] unsigned char 
  IOCBNTmp        1    0[BANK0 ] unsigned char 
 Return value:  Size  Location     Type
		None               void
 Registers used:
		wreg, fsr1l, fsr1h, status,2, status,0, pclath, cstack
 Tracked objects:
		On entry : 
		On exit  : 
		Unchanged: 
 Data sizes:     COMMON   BANK0   BANK1   BANK2   BANK3   BANK4   BANK5   BANK6   BANK7   BANK8   BANK9  BANK10  BANK11  BANK12
      Params:         0       0       0       0       0       0       0       0       0       0       0       0       0       0
      Locals:         0       8       0       0       0       0       0       0       0       0       0       0       0       0
      Temps:          1       0       0       0       0       0       0       0       0       0       0       0       0       0
      Totals:         1       8       0       0       0       0       0       0       0       0       0       0       0       0
Total ram usage:        9 bytes
 Hardware stack levels used:    1
 Hardware stack levels required when called:    5
 This function calls:
		_CC1Sleep
 This function is called by:
		_SYSTask
 This function uses a non-reentrant model


 *************** function _CC1Sleep *****************
 Defined at:
		line 146 in file "CC1.c"
 Parameters:    Size  Location     Type
		None
 Auto vars:     Size  Location     Type
		None
 Return value:  Size  Location     Type
		None               void
 Registers used:
		wreg, fsr1l, fsr1h, status,2, status,0, pclath, cstack
 Tracked objects:
		On entry : 
		On exit  : 
		Unchanged: 
 Data sizes:     COMMON   BANK0   BANK1   BANK2   BANK3   BANK4   BANK5   BANK6   BANK7   BANK8   BANK9  BANK10  BANK11  BANK12
      Params:         0       0       0       0       0       0       0       0       0       0       0       0       0       0
      Locals:         0       0       0       0       0       0       0       0       0       0       0       0       0       0
      Temps:          0       0       0       0       0       0       0       0       0       0       0       0       0       0
      Totals:         0       0       0       0       0       0       0       0       0       0       0       0       0       0
Total ram usage:        0 bytes
 Hardware stack levels used:    1
 Hardware stack levels required when called:    4
 This function calls:
		_CC1Strobe
 This function is called by:
		_SLPSleep
 This function uses a non-reentrant model


 *************** function _RTXTick *****************
 Defined at:
		line 89 in file "RTX.c"
 Parameters:    Size  Location     Type
		None
 Auto vars:     Size  Location     Type
		None
 Return value:  Size  Location     Type
		None               void
 Registers used:
		wreg, fsr1l, fsr1h, status,2, status,0, pclath, cstack
 Tracked objects:
		On entry : 
		On exit  : 
		Unchanged: 
 Data sizes:     COMMON   BANK0   BANK1   BANK2   BANK3   BANK4   BANK5   BANK6   BANK7   BANK8   BANK9  BANK10  BANK11  BANK12
      Params:         0       0       0       0       0       0       0       0       0       0       0       0       0       0
      Locals:         0       0       0       0       0       0       0       0       0       0       0       0       0       0
      Temps:          0       0       0       0       0       0       0       0       0       0       0       0       0       0
      Totals:         0       0       0       0       0       0       0       0       0       0       0       0       0       0
Total ram usage:        0 bytes
 Hardware stack levels used:    1
 Hardware stack levels required when called:    6
 This function calls:
		_RTXSendData
 This function is called by:
		_SYSTask
 This function uses a non-reentrant model


 *************** function _RTXAwake *****************
 Defined at:
		line 107 in file "RTX.c"
 Parameters:    Size  Location     Type
		None
 Auto vars:     Size  Location     Type
		None
 Return value:  Size  Location     Type
		None               void
 Registers used:
		wreg, fsr0l, fsr0h, fsr1l, fsr1h, status,2, status,0, pclath, cstack
 Tracked objects:
		On entry : 
		On exit  : 
		Unchanged: 
 Data sizes:     COMMON   BANK0   BANK1   BANK2   BANK3   BANK4   BANK5   BANK6   BANK7   BANK8   BANK9  BANK10  BANK11  BANK12
      Params:         0       0       0       0       0       0       0       0       0       0       0       0       0       0
      Locals:         0       0       0       0       0       0       0       0       0       0       0       0       0       0
      Temps:          0       0       0       0       0       0       0       0       0       0       0       0       0       0
      Totals:         0       0       0       0       0       0       0       0       0       0       0       0       0       0
Total ram usage:        0 bytes
 Hardware stack levels used:    1
 Hardware stack levels required when called:    9
 This function calls:
		_CC1Init
		_DLYDelay_ms
		_RTXInit
 This function is called by:
		_SYSTask
 This function uses a non-reentrant model


 *************** function _RTXInit *****************
 Defined at:
		line 66 in file "RTX.c"
 Parameters:    Size  Location     Type
  state           1    wreg     unsigned char 
 Auto vars:     Size  Location     Type
  state           1   63[BANK0 ] unsigned char 
 Return value:  Size  Location     Type
		None               void
 Registers used:
		wreg, fsr0l, fsr0h, fsr1l, fsr1h, status,2, status,0, pclath, cstack
 Tracked objects:
		On entry : 
		On exit  : 
		Unchanged: 
 Data sizes:     COMMON   BANK0   BANK1   BANK2   BANK3   BANK4   BANK5   BANK6   BANK7   BANK8   BANK9  BANK10  BANK11  BANK12
      Params:         0       0       0       0       0       0       0       0       0       0       0       0       0       0
      Locals:         0       1       0       0       0       0       0       0       0       0       0       0       0       0
      Temps:          0       0       0       0       0       0       0       0       0       0       0       0       0       0
      Totals:         0       1       0       0       0       0       0       0       0       0       0       0       0       0
Total ram usage:        1 bytes
 Hardware stack levels used:    1
 Hardware stack levels required when called:    8
 This function calls:
		_CC1Strobe
		_RTXStartSendData
 This function is called by:
		_RTXAwake
		_main
 This function uses a non-reentrant model


 *************** function _CC1Init *****************
 Defined at:
		line 76 in file "CC1.c"
 Parameters:    Size  Location     Type
  state           1    wreg     unsigned char 
 Auto vars:     Size  Location     Type
  state           1    4[BANK0 ] unsigned char 
 Return value:  Size  Location     Type
		None               void
 Registers used:
		wreg, fsr0l, fsr0h, fsr1l, fsr1h, status,2, status,0, pclath, cstack
 Tracked objects:
		On entry : 
		On exit  : 
		Unchanged: 
 Data sizes:     COMMON   BANK0   BANK1   BANK2   BANK3   BANK4   BANK5   BANK6   BANK7   BANK8   BANK9  BANK10  BANK11  BANK12
      Params:         0       0       0       0       0       0       0       0       0       0       0       0       0       0
      Locals:         0       1       0       0       0       0       0       0       0       0       0       0       0       0
      Temps:          0       0       0       0       0       0       0       0       0       0       0       0       0       0
      Totals:         0       1       0       0       0       0       0       0       0       0       0       0       0       0
Total ram usage:        1 bytes
 Hardware stack levels used:    1
 Hardware stack levels required when called:    5
 This function calls:
		_CC1LoadREG
		_CC1Strobe
		_DLYDelay_ms
 This function is called by:
		_RTXAwake
		_main
 This function uses a non-reentrant model


 *************** function _CC1LoadREG *****************
 Defined at:
		line 157 in file "CC1.c"
 Parameters:    Size  Location     Type
		None
 Auto vars:     Size  Location     Type
		None
 Return value:  Size  Location     Type
		None               void
 Registers used:
		wreg, fsr1l, fsr1h, status,2, status,0, pclath, cstack
 Tracked objects:
		On entry : 
		On exit  : 
		Unchanged: 
 Data sizes:     COMMON   BANK0   BANK1   BANK2   BANK3   BANK4   BANK5   BANK6   BANK7   BANK8   BANK9  BANK10  BANK11  BANK12
      Params:         0       0       0       0       0       0       0       0       0       0       0       0       0       0
      Locals:         0       0       0       0       0       0       0       0       0       0       0       0       0       0
      Temps:          0       1       0       0       0       0       0       0       0       0       0       0       0       0
      Totals:         0       1       0       0       0       0       0       0       0       0       0       0       0       0
Total ram usage:        1 bytes
 Hardware stack levels used:    1
 Hardware stack levels required when called:    4
 This function calls:
		_CC1Read
		_CC1Write
 This function is called by:
		_CC1Init
 This function uses a non-reentrant model


 *************** function _PGMTick *****************
 Defined at:
		line 41 in file "PGM.c"
 Parameters:    Size  Location     Type
		None
 Auto vars:     Size  Location     Type
		None
 Return value:  Size  Location     Type
		None               void
 Registers used:
		wreg, status,2, status,0
 Tracked objects:
		On entry : 
		On exit  : 
		Unchanged: 
 Data sizes:     COMMON   BANK0   BANK1   BANK2   BANK3   BANK4   BANK5   BANK6   BANK7   BANK8   BANK9  BANK10  BANK11  BANK12
      Params:         0       0       0       0       0       0       0       0       0       0       0       0       0       0
      Locals:         0       0       0       0       0       0       0       0       0       0       0       0       0       0
      Temps:          0       0       0       0       0       0       0       0       0       0       0       0       0       0
      Totals:         0       0       0       0       0       0       0       0       0       0       0       0       0       0
Total ram usage:        0 bytes
 Hardware stack levels used:    1
 Hardware stack levels required when called:    2
 This function calls:
		Nothing
 This function is called by:
		_SYSTask
 This function uses a non-reentrant model


 *************** function _PGMSelLong *****************
 Defined at:
		line 111 in file "PGM.c"
 Parameters:    Size  Location     Type
		None
 Auto vars:     Size  Location     Type
		None
 Return value:  Size  Location     Type
		None               void
 Registers used:
		wreg, fsr1l, fsr1h, status,2, status,0, pclath, cstack
 Tracked objects:
		On entry : 
		On exit  : 
		Unchanged: 
 Data sizes:     COMMON   BANK0   BANK1   BANK2   BANK3   BANK4   BANK5   BANK6   BANK7   BANK8   BANK9  BANK10  BANK11  BANK12
      Params:         0       0       0       0       0       0       0       0       0       0       0       0       0       0
      Locals:         0       0       0       0       0       0       0       0       0       0       0       0       0       0
      Temps:          0       0       0       0       0       0       0       0       0       0       0       0       0       0
      Totals:         0       0       0       0       0       0       0       0       0       0       0       0       0       0
Total ram usage:        0 bytes
 Hardware stack levels used:    1
 Hardware stack levels required when called:    4
 This function calls:
		_LEDNormalFlash
		_PGMWriteNvm
 This function is called by:
		_SYSTask
 This function uses a non-reentrant model


 *************** function _PGMSelDown *****************
 Defined at:
		line 97 in file "PGM.c"
 Parameters:    Size  Location     Type
		None
 Auto vars:     Size  Location     Type
		None
 Return value:  Size  Location     Type
		None               void
 Registers used:
		wreg, fsr1l, fsr1h, status,2, status,0, pclath, cstack
 Tracked objects:
		On entry : 
		On exit  : 
		Unchanged: 
 Data sizes:     COMMON   BANK0   BANK1   BANK2   BANK3   BANK4   BANK5   BANK6   BANK7   BANK8   BANK9  BANK10  BANK11  BANK12
      Params:         0       0       0       0       0       0       0       0       0       0       0       0       0       0
      Locals:         0       0       0       0       0       0       0       0       0       0       0       0       0       0
      Temps:          1       0       0       0       0       0       0       0       0       0       0       0       0       0
      Totals:         1       0       0       0       0       0       0       0       0       0       0       0       0       0
Total ram usage:        1 bytes
 Hardware stack levels used:    1
 Hardware stack levels required when called:    4
 This function calls:
		_PGMWriteNvm
 This function is called by:
		_SYSTask
 This function uses a non-reentrant model


 *************** function _PGMPgmOff *****************
 Defined at:
		line 89 in file "PGM.c"
 Parameters:    Size  Location     Type
		None
 Auto vars:     Size  Location     Type
		None
 Return value:  Size  Location     Type
		None               void
 Registers used:
		status,2
 Tracked objects:
		On entry : 
		On exit  : 
		Unchanged: 
 Data sizes:     COMMON   BANK0   BANK1   BANK2   BANK3   BANK4   BANK5   BANK6   BANK7   BANK8   BANK9  BANK10  BANK11  BANK12
      Params:         0       0       0       0       0       0       0       0       0       0       0       0       0       0
      Locals:         0       0       0       0       0       0       0       0       0       0       0       0       0       0
      Temps:          0       0       0       0       0       0       0       0       0       0       0       0       0       0
      Totals:         0       0       0       0       0       0       0       0       0       0       0       0       0       0
Total ram usage:        0 bytes
 Hardware stack levels used:    1
 Hardware stack levels required when called:    2
 This function calls:
		Nothing
 This function is called by:
		_SYSTask
 This function uses a non-reentrant model


 *************** function _DINTick *****************
 Defined at:
		line 46 in file "DIN.c"
 Parameters:    Size  Location     Type
		None
 Auto vars:     Size  Location     Type
		None
 Return value:  Size  Location     Type
		None               void
 Registers used:
		wreg, status,2, status,0
 Tracked objects:
		On entry : 
		On exit  : 
		Unchanged: 
 Data sizes:     COMMON   BANK0   BANK1   BANK2   BANK3   BANK4   BANK5   BANK6   BANK7   BANK8   BANK9  BANK10  BANK11  BANK12
      Params:         0       0       0       0       0       0       0       0       0       0       0       0       0       0
      Locals:         0       0       0       0       0       0       0       0       0       0       0       0       0       0
      Temps:          1       0       0       0       0       0       0       0       0       0       0       0       0       0
      Totals:         1       0       0       0       0       0       0       0       0       0       0       0       0       0
Total ram usage:        1 bytes
 Hardware stack levels used:    1
 Hardware stack levels required when called:    2
 This function calls:
		Nothing
 This function is called by:
		_SYSTask
 This function uses a non-reentrant model


 *************** function _SYSInit *****************
 Defined at:
		line 17 in file "SYS.c"
 Parameters:    Size  Location     Type
  state           1    wreg     unsigned char 
[...]
Total ram usage:        1 bytes
 Hardware stack levels used:    1
 Hardware stack levels required when called:    4
 This function calls:
		_PGMWriteNvm
 This function is called by:
		_PGMCheckNvm
 This function uses a non-reentrant model


 *************** function _PGMWriteNvm *****************
 Defined at:
		line 64 in file "PGM.c"
 Parameters:    Size  Location     Type
		None
 Auto vars:     Size  Location     Type
		None
 Return value:  Size  Location     Type
		None               void
 Registers used:
		wreg, fsr1l, fsr1h, status,2, status,0, pclath, cstack
 Tracked objects:
		On entry : 
		On exit  : 
		Unchanged: 
 Data sizes:     COMMON   BANK0   BANK1   BANK2   BANK3   BANK4   BANK5   BANK6   BANK7   BANK8   BANK9  BANK10  BANK11  BANK12
      Params:         0       0       0       0       0       0       0       0       0       0       0       0       0       0
      Locals:         0       0       0       0       0       0       0       0       0       0       0       0       0       0
      Temps:          2       0       0       0       0       0       0       0       0       0       0       0       0       0
      Totals:         2       0       0       0       0       0       0       0       0       0       0       0       0       0
Total ram usage:        2 bytes
 Hardware stack levels used:    1
 Hardware stack levels required when called:    3
 This function calls:
		_NVMWrite
 This function is called by:
		_PGMNvmReset
		_PGMSelDown
		_PGMSelLong
		_RTXReadPkt
 This function uses a non-reentrant model


 *************** function _NVMWrite *****************
 Defined at:
		line 38 in file "NVM.c"
 Parameters:    Size  Location     Type
  addr            2    1[COMMON] unsigned short 
  source          1    3[COMMON] PTR unsigned char 
		 -> pgm_cfg(5), 
  len             1    4[COMMON] unsigned char 
 Auto vars:     Size  Location     Type
  bufTmpRow      64    0[BANK0 ] unsigned short [32]
  rowAddr         2   64[BANK0 ] unsigned short 
  j               1   68[BANK0 ] unsigned char 
  latchAddr       1   67[BANK0 ] unsigned char 
  i               1   66[BANK0 ] unsigned char 
 Return value:  Size  Location     Type
		None               void
 Registers used:
		wreg, fsr1l, fsr1h, status,2, status,0
 Tracked objects:
		On entry : 
		On exit  : 
		Unchanged: 
 Data sizes:     COMMON   BANK0   BANK1   BANK2   BANK3   BANK4   BANK5   BANK6   BANK7   BANK8   BANK9  BANK10  BANK11  BANK12
      Params:         4       0       0       0       0       0       0       0       0       0       0       0       0       0
      Locals:         0      69       0       0       0       0       0       0       0       0       0       0       0       0
      Temps:          3       0       0       0       0       0       0       0       0       0       0       0       0       0
      Totals:         7      69       0       0       0       0       0       0       0       0       0       0       0       0
Total ram usage:       76 bytes
 Hardware stack levels used:    1
 Hardware stack levels required when called:    2
 This function calls:
		Nothing
 This function is called by:
		_PGMWriteNvm
 This function uses a non-reentrant model


 *************** function _OUTInit *****************
 Defined at:
		line 6 in file "OUT.c"
 Parameters:    Size  Location     Type
  sta             1    wreg     unsigned char 
 Auto vars:     Size  Location     Type
  sta             1    2[COMMON] unsigned char 
 Return value:  Size  Location     Type
		None               void
 Registers used:
		wreg, fsr0l, fsr0h, status,2, status,0
 Tracked objects:
		On entry : 
		On exit  : 
		Unchanged: 
 Data sizes:     COMMON   BANK0   BANK1   BANK2   BANK3   BANK4   BANK5   BANK6   BANK7   BANK8   BANK9  BANK10  BANK11  BANK12
      Params:         0       0       0       0       0       0       0       0       0       0       0       0       0       0
      Locals:         1       0       0       0       0       0       0       0       0       0       0       0       0       0
      Temps:          1       0       0       0       0       0       0       0       0       0       0       0       0       0
      Totals:         2       0       0       0       0       0       0       0       0       0       0       0       0       0
Total ram usage:        2 bytes
 Hardware stack levels used:    1
 Hardware stack levels required when called:    2
 This function calls:
		Nothing
 This function is called by:
		_main
 This function uses a non-reentrant model


 *************** function _NVMInit *****************
 Defined at:
		line 6 in file "NVM.c"
 Parameters:    Size  Location     Type
  sta             1    wreg     unsigned char 
 Auto vars:     Size  Location     Type
  sta             1    1[COMMON] unsigned char 
 Return value:  Size  Location     Type
		None               void
 Registers used:
		wreg, fsr0l, fsr0h, status,2, status,0
 Tracked objects:
		On entry : 
		On exit  : 
		Unchanged: 
 Data sizes:     COMMON   BANK0   BANK1   BANK2   BANK3   BANK4   BANK5   BANK6   BANK7   BANK8   BANK9  BANK10  BANK11  BANK12
      Params:         0       0       0       0       0       0       0       0       0       0       0       0       0       0
      Locals:         1       0       0       0       0       0       0       0       0       0       0       0       0       0
      Temps:          0       0       0       0       0       0       0       0       0       0       0       0       0       0
      Totals:         1       0       0       0       0       0       0       0       0       0       0       0       0       0
Total ram usage:        1 bytes
 Hardware stack levels used:    1
 Hardware stack levels required when called:    2
 This function calls:
		Nothing
 This function is called by:
		_main
 This function uses a non-reentrant model


 *************** function _LEDInit *****************
 Defined at:
		line 7 in file "LED.c"
 Parameters:    Size  Location     Type
  sta             1    wreg     unsigned char 
 Auto vars:     Size  Location     Type
  sta             1    1[COMMON] unsigned char 
 Return value:  Size  Location     Type
		None               void
 Registers used:
		wreg, fsr0l, fsr0h, status,2, status,0
 Tracked objects:
		On entry : 
		On exit  : 
		Unchanged: 
 Data sizes:     COMMON   BANK0   BANK1   BANK2   BANK3   BANK4   BANK5   BANK6   BANK7   BANK8   BANK9  BANK10  BANK11  BANK12
      Params:         0       0       0       0       0       0       0       0       0       0       0       0       0       0
      Locals:         1       0       0       0       0       0       0       0       0       0       0       0       0       0
      Temps:          0       0       0       0       0       0       0       0       0       0       0       0       0       0
      Totals:         1       0       0       0       0       0       0       0       0       0       0       0       0       0
Total ram usage:        1 bytes
 Hardware stack levels used:    1
 Hardware stack levels required when called:    2
 This function calls:
		Nothing
 This function is called by:
		_main
 This function uses a non-reentrant model


 *************** function _INInit *****************
 Defined at:
		line 6 in file "IN.c"
 Parameters:    Size  Location     Type
  sta             1    wreg     unsigned char 
 Auto vars:     Size  Location     Type
  sta             1    2[COMMON] unsigned char 
 Return value:  Size  Location     Type
		None               void
 Registers used:
		wreg, fsr0l, fsr0h, status,2, status,0
 Tracked objects:
		On entry : 
		On exit  : 
		Unchanged: 
 Data sizes:     COMMON   BANK0   BANK1   BANK2   BANK3   BANK4   BANK5   BANK6   BANK7   BANK8   BANK9  BANK10  BANK11  BANK12
      Params:         0       0       0       0       0       0       0       0       0       0       0       0       0       0
      Locals:         1       0       0       0       0       0       0       0       0       0       0       0       0       0
      Temps:          1       0       0       0       0       0       0       0       0       0       0       0       0       0
      Totals:         2       0       0       0       0       0       0       0       0       0       0       0       0       0
Total ram usage:        2 bytes
 Hardware stack levels used:    1
 Hardware stack levels required when called:    2
 This function calls:
		Nothing
 This function is called by:
		_main
 This function uses a non-reentrant model


 *************** function _DINTask *****************
 Defined at:
		line 79 in file "DIN.c"
 Parameters:    Size  Location     Type
		None
 Auto vars:     Size  Location     Type
		None
 Return value:  Size  Location     Type
		None               void
 Registers used:
		wreg, status,2, status,0
 Tracked objects:
		On entry : 
		On exit  : 
		Unchanged: 
 Data sizes:     COMMON   BANK0   BANK1   BANK2   BANK3   BANK4   BANK5   BANK6   BANK7   BANK8   BANK9  BANK10  BANK11  BANK12
      Params:         0       0       0       0       0       0       0       0       0       0       0       0       0       0
      Locals:         0       0       0       0       0       0       0       0       0       0       0       0       0       0
      Temps:          1       0       0       0       0       0       0       0       0       0       0       0       0       0
      Totals:         1       0       0       0       0       0       0       0       0       0       0       0       0       0
Total ram usage:        1 bytes
 Hardware stack levels used:    1
 Hardware stack levels required when called:    2
 This function calls:
		Nothing
 This function is called by:
		_main
 This function uses a non-reentrant model


 *************** function _DINInit *****************
 Defined at:
		line 24 in file "DIN.c"
 Parameters:    Size  Location     Type
  sta             1    wreg     unsigned char 
 Auto vars:     Size  Location     Type
  sta             1    1[COMMON] unsigned char 
 Return value:  Size  Location     Type
		None               void
 Registers used:
		wreg, fsr0l, fsr0h, status,2, status,0
 Tracked objects:
		On entry : 
		On exit  : 
		Unchanged: 
 Data sizes:     COMMON   BANK0   BANK1   BANK2   BANK3   BANK4   BANK5   BANK6   BANK7   BANK8   BANK9  BANK10  BANK11  BANK12
      Params:         0       0       0       0       0       0       0       0       0       0       0       0       0       0
      Locals:         1       0       0       0       0       0       0       0       0       0       0       0       0       0
      Temps:          0       0       0       0       0       0       0       0       0       0       0       0       0       0
      Totals:         1       0       0       0       0       0       0       0       0       0       0       0       0       0
Total ram usage:        1 bytes
 Hardware stack levels used:    1
 Hardware stack levels required when called:    2
 This function calls:
		Nothing
 This function is called by:
		_main
 This function uses a non-reentrant model


 *************** function _ADCInit *****************
 Defined at:
		line 31 in file "ADC.c"
 Parameters:    Size  Location     Type
  state           1    wreg     unsigned char 
 Auto vars:     Size  Location     Type
  state           1    2[COMMON] unsigned char 
 Return value:  Size  Location     Type
		None               void
 Registers used:
		wreg, fsr0l, fsr0h, status,2, status,0
 Tracked objects:
		On entry : 
		On exit  : 
		Unchanged: 
 Data sizes:     COMMON   BANK0   BANK1   BANK2   BANK3   BANK4   BANK5   BANK6   BANK7   BANK8   BANK9  BANK10  BANK11  BANK12
      Params:         0       0       0       0       0       0       0       0       0       0       0       0       0       0
      Locals:         1       0       0       0       0       0       0       0       0       0       0       0       0       0
      Temps:          1       0       0       0       0       0       0       0       0       0       0       0       0       0
      Totals:         2       0       0       0       0       0       0       0       0       0       0       0       0       0
Total ram usage:        2 bytes
 Hardware stack levels used:    1
 Hardware stack levels required when called:    2
 This function calls:
		Nothing
 This function is called by:
		_main
 This function uses a non-reentrant model


 *************** function _INTIsr *****************
 Defined at:
		line 37 in file "Sensore.c"
 Parameters:    Size  Location     Type
		None
 Auto vars:     Size  Location     Type
		None
 Return value:  Size  Location     Type
		None               void
 Registers used:
		wreg, status,2, status,0, pclath, cstack
 Tracked objects:
		On entry : 
		On exit  : 
		Unchanged: 
 Data sizes:     COMMON   BANK0   BANK1   BANK2   BANK3   BANK4   BANK5   BANK6   BANK7   BANK8   BANK9  BANK10  BANK11  BANK12
      Params:         0       0       0       0       0       0       0       0       0       0       0       0       0       0
      Locals:         0       0       0       0       0       0       0       0       0       0       0       0       0       0
      Temps:          1       0       0       0       0       0       0       0       0       0       0       0       0       0
      Totals:         1       0       0       0       0       0       0       0       0       0       0       0       0       0
Total ram usage:        1 bytes
 Hardware stack levels used:    1
 Hardware stack levels required when called:    1
 This function calls:
		_SYSInt
 This function is called by:
		Interrupt level 1
 This function uses a non-reentrant model


 *************** function _SYSInt *****************
 Defined at:
		line 35 in file "SYS.c"
 Parameters:    Size  Location     Type
		None
 Auto vars:     Size  Location     Type
		None
 Return value:  Size  Location     Type
		None               void
 Registers used:
		wreg
 Tracked objects:
		On entry : 
		On exit  : 
		Unchanged: 
 Data sizes:     COMMON   BANK0   BANK1   BANK2   BANK3   BANK4   BANK5   BANK6   BANK7   BANK8   BANK9  BANK10  BANK11  BANK12
      Params:         0       0       0       0       0       0       0       0       0       0       0       0       0       0
      Locals:         0       0       0       0       0       0       0       0       0       0       0       0       0       0
      Temps:          0       0       0       0       0       0       0       0       0       0       0       0       0       0
      Totals:         0       0       0       0       0       0       0       0       0       0       0       0       0       0
Total ram usage:        0 bytes
 Hardware stack levels used:    1
 This function calls:
		Nothing
 This function is called by:
		_INTIsr
 This function uses a non-reentrant model



MODULE INFORMATION

Module		Function		Class		Link	Load	Size
DIN.c
		_DINTick       		CODE           	0E21	0000	41
		_DINTask       		CODE           	0C8D	0000	31
		_DINInit       		CODE           	0BAF	0000	18

DIN.c estimated size: 90

C:\Program Files (x86)\Microchip\xc8\v1.34\sources\common\ftge.c
		___ftge        		CODE           	0FC5	0000	60

C:\Program Files (x86)\Microchip\xc8\v1.34\sources\common\ftge.c estimated size: 60

LED.c
		_LEDInit       		CODE           	0B19	0000	12
		_LEDFastFlash  		CODE           	0CE7	0000	31
		_LEDNormalFlash		CODE           	0CAB	0000	31

LED.c estimated size: 74

PGM.c
		_PGMPgmOff     		CODE           	0AE4	0000	5
		_PGMSelDown    		CODE           	0B55	0000	15
		_PGMCheckNvm   		CODE           	0B2F	0000	13
		_PGMReadNvm    		CODE           	0B72	0000	16
		_PGMNvmReset   		CODE           	0B9F	0000	17
		_PGMTick       		CODE           	0B90	0000	16
		_PGMSelLong    		CODE           	0B10	0000	10
		_PGMWriteNvm   		CODE           	0B63	0000	16
		_PGMInit       		CODE           	0BD4	0000	25

PGM.c estimated size: 133

NVM.c
		_NVMWrite      		CODE           	03E0	0000	189
		_NVMInit       		CODE           	0B24	0000	12
		_NVMRead       		CODE           	0DAE	0000	39

NVM.c estimated size: 240

C:\Program Files (x86)\Microchip\xc8\v1.34\sources\common\ftsub.c
		___ftsub       		CODE           	0CC9	0000	31

C:\Program Files (x86)\Microchip\xc8\v1.34\sources\common\ftsub.c estimated size: 31

C:\Program Files (x86)\Microchip\xc8\v1.34\sources\common\float.c
		___ftpack      		CODE           	06E0	0000	101

C:\Program Files (x86)\Microchip\xc8\v1.34\sources\common\float.c estimated size: 101

OUT.c
		_OUTInit       		CODE           	0E49	0000	42

OUT.c estimated size: 42

CC1.c
		_CC1Strobe     		CODE           	0BC0	0000	21
		_CC1LoadREG    		CODE           	0DFA	0000	40
		_CC1Sleep      		CODE           	0B00	0000	9
		_CC1Write      		CODE           	0D23	0000	34
		_CC1Init       		CODE           	0C55	0000	28
		_CC1Read       		CODE           	0D44	0000	35

CC1.c estimated size: 167

C:\Program Files (x86)\Microchip\xc8\v1.34\sources\common\ftmul.c
		___ftmul       		CODE           	049C	0000	181

C:\Program Files (x86)\Microchip\xc8\v1.34\sources\common\ftmul.c estimated size: 181

Sensore.c
		_main          		CODE           	0798	0000	84
		_INTIsr        		CODE           	0004	0000	17

Sensore.c estimated size: 101

C:\Program Files (x86)\Microchip\xc8\v1.34\sources\common\lwtoft.c
		___lwtoft      		CODE           	07EB	0000	21

C:\Program Files (x86)\Microchip\xc8\v1.34\sources\common\lwtoft.c estimated size: 21

C:\Program Files (x86)\Microchip\xc8\v1.34\sources\common\ftdiv.c
		___ftdiv       		CODE           	0550	0000	170

C:\Program Files (x86)\Microchip\xc8\v1.34\sources\common\ftdiv.c estimated size: 170

C:\Program Files (x86)\Microchip\xc8\v1.34\sources\common\lltoft.c
		___lltoft      		CODE           	0E9D	0000	44

C:\Program Files (x86)\Microchip\xc8\v1.34\sources\common\lltoft.c estimated size: 44

shared
		_nvm_pgm_cfg   		STRCODE        	1000	0000	6
		__initializatio		CODE           	0016	0000	49

shared estimated size: 55

ADC.c
		_ADCInit       		CODE           	0E72	0000	44
		_ADCConv       		CODE           	0049	0000	434

ADC.c estimated size: 478

C:\Program Files (x86)\Microchip\xc8\v1.34\sources\common\lwdiv.c
		___lwdiv       		CODE           	0F58	0000	53

C:\Program Files (x86)\Microchip\xc8\v1.34\sources\common\lwdiv.c estimated size: 53

SLP.c
		_SLPSleep      		CODE           	0676	0000	107

SLP.c estimated size: 107

SPI.c
		_SPIRead       		CODE           	0D66	0000	37
		_SPIWrite      		CODE           	0C70	0000	30
		_SPIInit       		CODE           	0D05	0000	31

SPI.c estimated size: 98

SYS.c
		_SYSTask       		CODE           	0F26	0000	51
		_SYSInt        		CODE           	0AE8	0000	7
		_SYSInit       		CODE           	0DD4	0000	39

SYS.c estimated size: 97

C:\Program Files (x86)\Microchip\xc8\v1.34\sources\common\sqrt.c
		_sqrt          		CODE           	02F0	0000	241

C:\Program Files (x86)\Microchip\xc8\v1.34\sources\common\sqrt.c estimated size: 241

RTX.c
		_RTXSndPkt     		CODE           	0F8C	0000	58
		_RTXReadPkt    		CODE           	0744	0000	85
		_RTXRcvPkt     		CODE           	0B47	0000	15
		_RTXTick       		CODE           	0B3B	0000	13
		_RTXStartSendDa		CODE           	0B81	0000	16
		_RTXAwake      		CODE           	0C05	0000	27
		_RTXTask       		CODE           	0AEE	0000	7
		_RTXInit       		CODE           	0D8A	0000	37
		_RTXSendData   		CODE           	05F9	0000	126
		_RTXSendRPgm   		CODE           	0EC8	0000	48

RTX.c estimated size: 432

IN.c
		_INInit        		CODE           	0C1F	0000	28

IN.c estimated size: 28

C:\Program Files (x86)\Microchip\xc8\v1.34\sources\common\Umul16.c
		___wmul        		CODE           	0C3A	0000	28

C:\Program Files (x86)\Microchip\xc8\v1.34\sources\common\Umul16.c estimated size: 28

C:\Program Files (x86)\Microchip\xc8\v1.34\sources\common\ftadd.c
		___ftadd       		CODE           	01FA	0000	247

C:\Program Files (x86)\Microchip\xc8\v1.34\sources\common\ftadd.c estimated size: 247

DLY.c
		_DLYDelay_ms   		CODE           	0BEC	0000	26

DLY.c estimated size: 26

